Microchip MPLAB XC8 Compiler V2.10 ()

Linker command line:

-W-3 --edf=C:\Program Files (x86)\Microchip\xc8\v2.10\pic\dat\en_msgs.txt \
  -cs -h+dist/default/production\Lab5M.X.production.sym \
  --cmf=dist/default/production\Lab5M.X.production.cmf -z -Q16F887 \
  -oC:\Users\gerar\AppData\Local\Temp\sll0.2 --defsym=__MPLAB_BUILD=1 \
  -Mdist/default/production/Lab5M.X.production.map -E1 -ver=XC8 \
  --acfsm=1493 -ASTACK=0110h-016Fh -pstack=STACK -ACODE=00h-07FFhx4 \
  -ASTRCODE=00h-01FFFh -ASTRING=00h-0FFhx32 -ACONST=00h-0FFhx32 \
  -AENTRY=00h-0FFhx32 -ACOMMON=070h-07Fh -ABANK0=020h-06Fh \
  -ABANK1=0A0h-0EFh -ABANK2=0110h-016Fh -ABANK3=0190h-01EFh \
  -ARAM=020h-06Fh,0A0h-0EFh,0110h-016Fh,0190h-01EFh \
  -AABS1=020h-07Fh,0A0h-0EFh,0110h-016Fh,0190h-01EFh -ASFR0=00h-01Fh \
  -ASFR1=080h-09Fh -ASFR2=0100h-010Fh -ASFR3=0180h-018Fh \
  -preset_vec=00h,intentry,init,end_init -ppowerup=CODE -pcinit=CODE \
  -pfunctab=ENTRY -ACONFIG=02007h-02008h -pconfig=CONFIG -DCONFIG=2 \
  -AIDLOC=02000h-02003h -pidloc=IDLOC -DIDLOC=2 -AEEDATA=00h-0FFh/02100h \
  -peeprom_data=EEDATA -DEEDATA=2 -DCODE=2 -DSTRCODE=2 -DSTRING=2 -DCONST=2 \
  -DENTRY=2 -k C:\Users\gerar\AppData\Local\Temp\sll0.o \
  dist/default/production\Lab5M.X.production.o 

Object code version is 3.11

Machine type is 16F887



                Name                               Link     Load   Length Selector   Space Scale
C:\Users\gerar\AppData\Local\Temp\sll0.o
                end_init                              0        0        3        0       0
                config                             2007     2007        2     400E       0
dist/default/production\Lab5M.X.production.o
                cinit                               7EB      7EB       15      FD6       0
                text43                             1BE6     1BE6        D     37CC       0
                text42                             1CAF     1CAF       2E     395E       0
                text41                             1BBF     1BBF        9     377E       0
                text40                             1BC8     1BC8        9     3790       0
                text39                             1BD1     1BD1        A     37A2       0
                text38                             1BB1     1BB1        6     3762       0
                text37                             1C00     1C00       15     3800       0
                text36                             1C82     1C82       2D     3904       0
                text35                             1BF3     1BF3        D     37E6       0
                text34                             1135     1135       7C     226A       0
                text33                             1F99     1F99       67     3F32       0
                text32                             1E7E     1E7E       59     3CFC       0
                text31                             1D93     1D93       4B     3B26       0
                text30                             1043     1043       78     2086       0
                text29                              1EA      1EA      2A0      3D4       0
                text28                             1BDB     1BDB        B     37B6       0
                text27                              D78      D78      288     1AF0       0
                text26                             1DDE     1DDE       50     3BBC       0
                text25                             1C5B     1C5B       27     38B6       0
                text24                              48A      48A      361      914       0
                text23                             1469     1469       DA     28D2       0
                text22                             11B1     11B1       A2     2362       0
                text21                             10BB     10BB       7A     2176       0
                text20                             13AD     13AD       BC     275A       0
                text19                             1E2E     1E2E       50     3C5C       0
                text18                             1ED7     1ED7       5C     3DAE       0
                text17                             1707     1707       F9     2E0E       0
                text16                             1623     1623       E4     2C46       0
                text15                              B53      B53      225     16A6       0
                text14                              873      873      15C     10E6       0
                text13                               1D       1D      1CD       3A       0
                text12                              9CF      9CF      184     139E       0
                text11                                7        7       16        E       0
                text10                             1001     1001       42     2002       0
                text9                              12F8     12F8       B5     25F0       0
                text8                              1D4F     1D4F       44     3A9E       0
                text7                              1D15     1D15       3A     3A2A       0
                text6                               801      801       72     1002       0
                text5                              1C35     1C35       26     386A       0
                text4                              1253     1253       A5     24A6       0
                text3                              1F33     1F33       66     3E66       0
                text2                              1CDD     1CDD       38     39BA       0
                text1                              1C15     1C15       20     382A       0
                maintext                           1543     1543       E0     2A86       0
                cstackBANK0                          20       20       50       20       1
                cstackCOMMON                         70       70        E       70       1
                cstackBANK1                          A0       A0       48       A0       1
                cstackBANK3                         1AE      1AE       10      190       1
                clrtext                            1BB7     1BB7        8     376E       0
                bssBANK3                            190      190       1E      190       1
                bssBANK1                             E8       E8        6       A0       1
                strings                            1800     1800       67     3000       0

TOTAL           Name                               Link     Load   Length     Space
        CLASS   STACK          

        CLASS   CODE           
                end_init                              0        0        3         0
                cinit                               7EB      7EB       15         0
                text43                             1BE6     1BE6        D         0
                text42                             1CAF     1CAF       2E         0
                text41                             1BBF     1BBF        9         0
                text40                             1BC8     1BC8        9         0
                text39                             1BD1     1BD1        A         0
                text38                             1BB1     1BB1        6         0
                text37                             1C00     1C00       15         0
                text36                             1C82     1C82       2D         0
                text35                             1BF3     1BF3        D         0
                text34                             1135     1135       7C         0
                text33                             1F99     1F99       67         0
                text32                             1E7E     1E7E       59         0
                text31                             1D93     1D93       4B         0
                text30                             1043     1043       78         0
                text29                              1EA      1EA      2A0         0
                text28                             1BDB     1BDB        B         0
                text27                              D78      D78      288         0
                text26                             1DDE     1DDE       50         0
                text25                             1C5B     1C5B       27         0
                text24                              48A      48A      361         0
                text23                             1469     1469       DA         0
                text22                             11B1     11B1       A2         0
                text21                             10BB     10BB       7A         0
                text20                             13AD     13AD       BC         0
                text19                             1E2E     1E2E       50         0
                text18                             1ED7     1ED7       5C         0
                text17                             1707     1707       F9         0
                text16                             1623     1623       E4         0
                text15                              B53      B53      225         0
                text14                              873      873      15C         0
                text13                               1D       1D      1CD         0
                text12                              9CF      9CF      184         0
                text11                                7        7       16         0
                text10                             1001     1001       42         0
                text9                              12F8     12F8       B5         0
                text8                              1D4F     1D4F       44         0
                text7                              1D15     1D15       3A         0
                text6                               801      801       72         0
                text5                              1C35     1C35       26         0
                text4                              1253     1253       A5         0
                text3                              1F33     1F33       66         0
                text2                              1CDD     1CDD       38         0
                text1                              1C15     1C15       20         0
                maintext                           1543     1543       E0         0
                clrtext                            1BB7     1BB7        8         0

        CLASS   STRCODE        

        CLASS   STRING         
                strings                            1800     1800       67         0

        CLASS   CONST          

        CLASS   ENTRY          

        CLASS   COMMON         
                cstackCOMMON                         70       70        E         1

        CLASS   BANK0          
                cstackBANK0                          20       20       50         1

        CLASS   BANK1          
                cstackBANK1                          A0       A0       48         1
                bssBANK1                             E8       E8        6         1

        CLASS   BANK2          

        CLASS   BANK3          
                cstackBANK3                         1AE      1AE       10         1
                bssBANK3                            190      190       1E         1

        CLASS   RAM            

        CLASS   ABS1           
                abs_s1                               7E       7E        2         1

        CLASS   SFR0           

        CLASS   SFR1           

        CLASS   SFR2           

        CLASS   SFR3           

        CLASS   CONFIG         
                config                             2007     2007        2         0

        CLASS   IDLOC          

        CLASS   EEDATA         



SEGMENTS        Name                           Load    Length   Top    Selector   Space  Class     Delta

                reset_vec                      000000  000003  000003         0       0  CODE        2
                text11                         000007  000016  00001D         E       0  CODE        2
                cstackBANK0                    000020  000050  000070        20       1  BANK0       1
                text13                         00001D  0001CD  0001EA        3A       0  CODE        2
                cstackCOMMON                   000070  00000E  00007E        70       1  COMMON      1
                cstackBANK1                    0000A0  00004E  0000EE        A0       1  BANK1       1
                bssBANK3                       000190  00002E  0001BE       190       1  BANK3       1
                text29                         0001EA  0002A0  00048A       3D4       0  CODE        2
                text24                         00048A  000361  0007EB       914       0  CODE        2
                cinit                          0007EB  000015  000800       FD6       0  CODE        2
                text6                          000801  000072  000873      1002       0  CODE        2
                text14                         000873  00015C  0009CF      10E6       0  CODE        2
                text12                         0009CF  000184  000B53      139E       0  CODE        2
                text15                         000B53  000225  000D78      16A6       0  CODE        2
                text27                         000D78  000288  001000      1AF0       0  CODE        2
                text10                         001001  000042  001043      2002       0  CODE        2
                text30                         001043  000078  0010BB      2086       0  CODE        2
                text21                         0010BB  00007A  001135      2176       0  CODE        2
                text34                         001135  00007C  0011B1      226A       0  CODE        2
                text22                         0011B1  0000A2  001253      2362       0  CODE        2
                text4                          001253  0000A5  0012F8      24A6       0  CODE        2
                text9                          0012F8  0000B5  0013AD      25F0       0  CODE        2
                text20                         0013AD  0000BC  001469      275A       0  CODE        2
                text23                         001469  0000DA  001543      28D2       0  CODE        2
                maintext                       001543  0000E0  001623      2A86       0  CODE        2
                text16                         001623  0000E4  001707      2C46       0  CODE        2
                text17                         001707  0000F9  001800      2E0E       0  CODE        2
                strings                        001800  000067  001867      3000       0  STRING      2
                text38                         001BB1  000006  001BB7      3762       0  CODE        2
                clrtext                        001BB7  000008  001BBF      376E       0  CODE        2
                text41                         001BBF  000009  001BC8      377E       0  CODE        2
                text40                         001BC8  000009  001BD1      3790       0  CODE        2
                text39                         001BD1  00000A  001BDB      37A2       0  CODE        2
                text28                         001BDB  00000B  001BE6      37B6       0  CODE        2
                text43                         001BE6  00000D  001BF3      37CC       0  CODE        2
                text35                         001BF3  00000D  001C00      37E6       0  CODE        2
                text37                         001C00  000015  001C15      3800       0  CODE        2
                text1                          001C15  000020  001C35      382A       0  CODE        2
                text5                          001C35  000026  001C5B      386A       0  CODE        2
                text25                         001C5B  000027  001C82      38B6       0  CODE        2
                text36                         001C82  00002D  001CAF      3904       0  CODE        2
                text42                         001CAF  00002E  001CDD      395E       0  CODE        2
                text2                          001CDD  000038  001D15      39BA       0  CODE        2
                text7                          001D15  00003A  001D4F      3A2A       0  CODE        2
                text8                          001D4F  000044  001D93      3A9E       0  CODE        2
                text31                         001D93  00004B  001DDE      3B26       0  CODE        2
                text26                         001DDE  000050  001E2E      3BBC       0  CODE        2
                text19                         001E2E  000050  001E7E      3C5C       0  CODE        2
                text32                         001E7E  000059  001ED7      3CFC       0  CODE        2
                text18                         001ED7  00005C  001F33      3DAE       0  CODE        2
                text3                          001F33  000066  001F99      3E66       0  CODE        2
                text33                         001F99  000067  002000      3F32       0  CODE        2
                config                         002007  000002  002009      400E       0  CONFIG      2


UNUSED ADDRESS RANGES

        Name                Unused          Largest block    Delta
        BANK1            00EE-00EF              2           1
        BANK2            0110-016F             60           1
        BANK3            01BE-01EF             32           1
        CODE             0003-0006              4           2
                         0800-0800              1
                         1000-1000              1
                         1867-1BB0            34A
        CONST            0003-0006              4           2
                         0800-0800              1
                         1000-1000              1
                         1867-1BB0            100
        EEDATA           2100-21FF            100           2
        ENTRY            0003-0006              4           2
                         0800-0800              1
                         1000-1000              1
                         1867-1BB0            100
        IDLOC            2000-2003              4           2
        RAM              00EE-00EF              2           1
                         0110-016F             60
                         01BE-01EF             32
        SFR0             0000-001F             20           1
        SFR1             0080-009F             20           1
        SFR2             0100-010F             10           1
        SFR3             0180-018F             10           1
        STACK            0110-016F             60           1
        STRCODE          0003-0006              4           2
                         0800-0800              1
                         1000-1000              1
                         1867-1BB0            34A
        STRING           0003-0006              4           2
                         0800-0800              1
                         1000-1000              1
                         1867-1BB0            100

                                  Symbol Table

?_Dtr                      cstackBANK0  0020
?_I2C_Master_Read          cstackCOMMON 0070
?__Umul8_16                cstackCOMMON 0070
?___awdiv                  cstackCOMMON 0070
?___awmod                  cstackCOMMON 0070
?___fladd                  cstackBANK0  0059
?___fldiv                  cstackBANK0  0059
?___flmul                  cstackBANK0  003F
?___flneg                  cstackCOMMON 0070
?___flsub                  cstackBANK1  00A0
?___fltol                  cstackCOMMON 0070
?___lldiv                  cstackCOMMON 0070
?___lwdiv                  cstackCOMMON 0070
?___lwmod                  cstackCOMMON 0070
?___xxtofl                 cstackBANK0  0020
?_eval_poly                cstackBANK1  00A0
?_exp                      cstackBANK1  00B6
?_floor                    cstackBANK1  00A0
?_frexp                    cstackBANK0  003A
?_ldexp                    cstackBANK1  00B0
?_log                      cstackBANK1  00B0
?_pow                      cstackBANK1  00C1
Dtr@P                      cstackBANK0  0023
Dtr@i                      cstackBANK0  0025
Dtr@y                      cstackBANK0  0020
Dtr@zpr                    cstackBANK0  0022
I2C_Master_Init@c          cstackBANK0  0020
I2C_Master_Read@a          cstackCOMMON 0070
I2C_Master_Read@temp       cstackCOMMON 0074
I2C_Master_Write@d         cstackCOMMON 0070
_ADCON0bits                (abs)        001F
_ADCON1bits                (abs)        009F
_ANSEL                     (abs)        0188
_ANSELH                    (abs)        0189
_Dtr                       text30       1043
_GIE                       (abs)        005F
_I2C_Master_Init           text2        1CDD
_I2C_Master_Read           text42       1CAF
_I2C_Master_Start          text41       1BBF
_I2C_Master_Stop           text40       1BC8
_I2C_Master_Wait           text43       1BE6
_I2C_Master_Write          text39       1BD1
_PEIE                      (abs)        005E
_PORTA                     (abs)        0005
_PORTAbits                 (abs)        0005
_PORTB                     (abs)        0006
_PORTD                     (abs)        0008
_PORTDbits                 (abs)        0008
_RCREG                     (abs)        001A
_SSPADD                    (abs)        0093
_SSPBUF                    (abs)        0013
_SSPCON                    (abs)        0014
_SSPCON2                   (abs)        0091
_SSPCON2bits               (abs)        0091
_SSPIE                     (abs)        0463
_SSPIF                     (abs)        0063
_SSPSTAT                   (abs)        0094
_TRISA                     (abs)        0085
_TRISB                     (abs)        0086
_TRISC3                    (abs)        043B
_TRISC4                    (abs)        043C
_TRISCbits                 (abs)        0087
_TRISD                     (abs)        0088
_Voldc                     bssBANK1     00EC
_Voldc2                    bssBANK1     00EB
__CFG_BOR4V$BOR40V         (abs)        0000
__CFG_BOREN$OFF            (abs)        0000
__CFG_CP$OFF               (abs)        0000
__CFG_CPD$OFF              (abs)        0000
__CFG_FCMEN$OFF            (abs)        0000
__CFG_FOSC$INTRC_NOCLKOUT  (abs)        0000
__CFG_IESO$OFF             (abs)        0000
__CFG_LVP$OFF              (abs)        0000
__CFG_MCLRE$OFF            (abs)        0000
__CFG_PWRTE$OFF            (abs)        0000
__CFG_WDTE$OFF             (abs)        0000
__CFG_WRT$OFF              (abs)        0000
__Habs1                    abs1         0000
__Hbank0                   bank0        0000
__Hbank1                   bank1        0000
__Hbank2                   bank2        0000
__Hbank3                   bank3        0000
__HbssBANK1                bssBANK1     0000
__HbssBANK3                bssBANK3     0000
__Hcinit                   cinit        0800
__Hclrtext                 clrtext      0000
__Hcode                    code         0000
__Hcommon                  common       0000
__Hconfig                  config       2009
__HcstackBANK0             cstackBANK0  0000
__HcstackBANK1             cstackBANK1  0000
__HcstackBANK3             cstackBANK3  0000
__HcstackCOMMON            cstackCOMMON 0000
__Heeprom_data             eeprom_data  0000
__Hend_init                end_init     0003
__Hfunctab                 functab      0000
__Hidloc                   idloc        0000
__Hinit                    init         0000
__Hintentry                intentry     0000
__Hmaintext                maintext     0000
__Hpowerup                 powerup      0000
__Hram                     ram          0000
__Hreset_vec               reset_vec    0000
__Hsfr0                    sfr0         0000
__Hsfr1                    sfr1         0000
__Hsfr2                    sfr2         0000
__Hsfr3                    sfr3         0000
__Hspace_0                 (abs)        2009
__Hspace_1                 (abs)        01BE
__Hspace_2                 (abs)        0000
__Hspace_3                 (abs)        0000
__Hstack                   stack        0000
__Hstrings                 strings      0000
__Htext                    text         0000
__Labs1                    abs1         0000
__Lbank0                   bank0        0000
__Lbank1                   bank1        0000
__Lbank2                   bank2        0000
__Lbank3                   bank3        0000
__LbssBANK1                bssBANK1     0000
__LbssBANK3                bssBANK3     0000
__Lcinit                   cinit        07EB
__Lclrtext                 clrtext      0000
__Lcode                    code         0000
__Lcommon                  common       0000
__Lconfig                  config       2007
__LcstackBANK0             cstackBANK0  0000
__LcstackBANK1             cstackBANK1  0000
__LcstackBANK3             cstackBANK3  0000
__LcstackCOMMON            cstackCOMMON 0000
__Leeprom_data             eeprom_data  0000
__Lend_init                end_init     0000
__Lfunctab                 functab      0000
__Lidloc                   idloc        0000
__Linit                    init         0000
__Lintentry                intentry     0000
__Lmaintext                maintext     0000
__Lpowerup                 powerup      0000
__Lram                     ram          0000
__Lreset_vec               reset_vec    0000
__Lsfr0                    sfr0         0000
__Lsfr1                    sfr1         0000
__Lsfr2                    sfr2         0000
__Lsfr3                    sfr3         0000
__Lspace_0                 (abs)        0000
__Lspace_1                 (abs)        0000
__Lspace_2                 (abs)        0000
__Lspace_3                 (abs)        0000
__Lstack                   stack        0000
__Lstrings                 strings      0000
__Ltext                    text         0000
__S0                       (abs)        2009
__S1                       (abs)        01BE
__S2                       (abs)        0000
__S3                       (abs)        0000
__Umul8_16                 text25       1C5B
__Umul8_16@multiplicand    cstackCOMMON 0070
__Umul8_16@multiplier      cstackCOMMON 0078
__Umul8_16@product         cstackCOMMON 0074
__Umul8_16@word_mpld       cstackCOMMON 0076
___awdiv                   text33       1F99
___awdiv@counter           cstackCOMMON 0075
___awdiv@dividend          cstackCOMMON 0072
___awdiv@divisor           cstackCOMMON 0070
___awdiv@quotient          cstackCOMMON 0077
___awdiv@sign              cstackCOMMON 0076
___awmod                   text32       1E7E
___awmod@counter           cstackCOMMON 0075
___awmod@dividend          cstackCOMMON 0072
___awmod@divisor           cstackCOMMON 0070
___awmod@sign              cstackCOMMON 0076
___fladd                   text27       0D78
___fladd@a                 cstackBANK0  005D
___fladd@aexp              cstackBANK0  006A
___fladd@b                 cstackBANK0  0059
___fladd@bexp              cstackBANK0  006B
___fladd@grs               cstackBANK0  006C
___fladd@signs             cstackBANK0  0069
___fldiv                   text29       01EA
___fldiv@a                 cstackBANK0  0059
___fldiv@aexp              cstackBANK1  00AC
___fldiv@b                 cstackBANK0  005D
___fldiv@bexp              cstackBANK1  00AB
___fldiv@grs               cstackBANK1  00A7
___fldiv@new_exp           cstackBANK1  00A5
___fldiv@rem               cstackBANK1  00A0
___fldiv@sign              cstackBANK1  00A4
___fleq                    text19       1E2E
___fleq@ff1                cstackBANK0  002E
___fleq@ff2                cstackBANK0  0032
___flge                    text22       11B1
___flge@ff1                cstackCOMMON 0070
___flge@ff2                cstackCOMMON 0074
___flmul                   text24       048A
___flmul@a                 cstackBANK0  0043
___flmul@aexp              cstackBANK0  004D
___flmul@b                 cstackBANK0  003F
___flmul@bexp              cstackBANK0  0052
___flmul@grs               cstackBANK0  004E
___flmul@prod              cstackBANK0  0053
___flmul@sign              cstackBANK0  004C
___flmul@temp              cstackBANK0  0057
___flneg                   text28       1BDB
___flneg@f1                cstackCOMMON 0070
___flsub                   text26       1DDE
___flsub@a                 cstackBANK1  00A0
___flsub@b                 cstackBANK1  00A4
___fltol                   text21       10BB
___fltol@exp1              cstackCOMMON 007A
___fltol@f1                cstackCOMMON 0070
___fltol@sign1             cstackCOMMON 0079
___int_sp                  stack        0000
___latbits                 (abs)        0002
___lldiv                   text3        1F33
___lldiv@counter           cstackCOMMON 007D
___lldiv@dividend          cstackCOMMON 0074
___lldiv@divisor           cstackCOMMON 0070
___lldiv@quotient          cstackCOMMON 0079
___lwdiv                   text8        1D4F
___lwdiv@counter           cstackCOMMON 0077
___lwdiv@dividend          cstackCOMMON 0072
___lwdiv@divisor           cstackCOMMON 0070
___lwdiv@quotient          cstackCOMMON 0075
___lwmod                   text7        1D15
___lwmod@counter           cstackCOMMON 0075
___lwmod@dividend          cstackCOMMON 0072
___lwmod@divisor           cstackCOMMON 0070
___sp                      stack        0000
___stackhi                 (abs)        0000
___stacklo                 (abs)        0000
___xxtofl                  text20       13AD
___xxtofl@arg              cstackBANK0  002A
___xxtofl@exp              cstackBANK0  0029
___xxtofl@sign             cstackBANK0  0028
___xxtofl@val              cstackBANK0  0020
__end_of_Dtr               text30       10BB
__end_of_I2C_Master_Init   text2        1D15
__end_of_I2C_Master_Read   text42       1CDD
__end_of_I2C_Master_Start  text41       1BC8
__end_of_I2C_Master_Stop   text40       1BD1
__end_of_I2C_Master_Wait   text43       1BF3
__end_of_I2C_Master_Write  text39       1BDB
__end_of__Umul8_16         text25       1C82
__end_of___awdiv           text33       2000
__end_of___awmod           text32       1ED7
__end_of___fladd           text27       1000
__end_of___fldiv           text29       048A
__end_of___fleq            text19       1E7E
__end_of___flge            text22       1253
__end_of___flmul           text24       07EB
__end_of___flneg           text28       1BE6
__end_of___flsub           text26       1E2E
__end_of___fltol           text21       1135
__end_of___lldiv           text3        1F99
__end_of___lwdiv           text8        1D93
__end_of___lwmod           text7        1D4F
__end_of___xxtofl          text20       1469
__end_of__initialization   cinit        07FC
__end_of__stringtab        strings      1810
__end_of_com               text37       1C15
__end_of_cur               text36       1CAF
__end_of_eval_poly         text23       1543
__end_of_exp               text15       0D78
__end_of_floor             text17       1800
__end_of_frexp             text18       1F33
__end_of_ftoa2             text12       0B53
__end_of_itoa              text5        1C5B
__end_of_lcd_clear         text35       1C00
__end_of_lcd_init          text34       11B1
__end_of_ldexp             text16       1707
__end_of_lee1              text9        13AD
__end_of_lee2              text4        12F8
__end_of_letra             text11       001D
__end_of_log               text14       09CF
__end_of_main              maintext     1623
__end_of_port              text38       1BB7
__end_of_pow               text13       01EA
__end_of_reverse           text31       1DDE
__end_of_setup             text1        1C35
__end_of_utoa              text6        0873
__end_of_word              text10       1043
__end_ofexp@coeff          strings      1838
__end_oflog@coeff          strings      185C
__initialization           cinit        07EB
__pbssBANK1                bssBANK1     00E8
__pbssBANK3                bssBANK3     0190
__pcstackBANK0             cstackBANK0  0020
__pcstackBANK1             cstackBANK1  00A0
__pcstackBANK3             cstackBANK3  01AE
__pcstackCOMMON            cstackCOMMON 0070
__pmaintext                maintext     1543
__pstrings                 strings      1800
__ptext1                   text1        1C15
__ptext10                  text10       1001
__ptext11                  text11       0007
__ptext12                  text12       09CF
__ptext13                  text13       001D
__ptext14                  text14       0873
__ptext15                  text15       0B53
__ptext16                  text16       1623
__ptext17                  text17       1707
__ptext18                  text18       1ED7
__ptext19                  text19       1E2E
__ptext2                   text2        1CDD
__ptext20                  text20       13AD
__ptext21                  text21       10BB
__ptext22                  text22       11B1
__ptext23                  text23       1469
__ptext24                  text24       048A
__ptext25                  text25       1C5B
__ptext26                  text26       1DDE
__ptext27                  text27       0D78
__ptext28                  text28       1BDB
__ptext29                  text29       01EA
__ptext3                   text3        1F33
__ptext30                  text30       1043
__ptext31                  text31       1D93
__ptext32                  text32       1E7E
__ptext33                  text33       1F99
__ptext34                  text34       1135
__ptext35                  text35       1BF3
__ptext36                  text36       1C82
__ptext37                  text37       1C00
__ptext38                  text38       1BB1
__ptext39                  text39       1BD1
__ptext4                   text4        1253
__ptext40                  text40       1BC8
__ptext41                  text41       1BBF
__ptext42                  text42       1CAF
__ptext43                  text43       1BE6
__ptext5                   text5        1C35
__ptext6                   text6        0801
__ptext7                   text7        1D15
__ptext8                   text8        1D4F
__ptext9                   text9        12F8
__size_of_Dtr              (abs)        0000
__size_of_I2C_Master_Init  (abs)        0000
__size_of_I2C_Master_Read  (abs)        0000
__size_of_I2C_Master_Start (abs)        0000
__size_of_I2C_Master_Stop  (abs)        0000
__size_of_I2C_Master_Wait  (abs)        0000
__size_of_I2C_Master_Write (abs)        0000
__size_of__Umul8_16        (abs)        0000
__size_of___awdiv          (abs)        0000
__size_of___awmod          (abs)        0000
__size_of___fladd          (abs)        0000
__size_of___fldiv          (abs)        0000
__size_of___fleq           (abs)        0000
__size_of___flge           (abs)        0000
__size_of___flmul          (abs)        0000
__size_of___flneg          (abs)        0000
__size_of___flsub          (abs)        0000
__size_of___fltol          (abs)        0000
__size_of___lldiv          (abs)        0000
__size_of___lwdiv          (abs)        0000
__size_of___lwmod          (abs)        0000
__size_of___xxtofl         (abs)        0000
__size_of_com              (abs)        0000
__size_of_cur              (abs)        0000
__size_of_eval_poly        (abs)        0000
__size_of_exp              (abs)        0000
__size_of_floor            (abs)        0000
__size_of_frexp            (abs)        0000
__size_of_ftoa2            (abs)        0000
__size_of_itoa             (abs)        0000
__size_of_lcd_clear        (abs)        0000
__size_of_lcd_init         (abs)        0000
__size_of_ldexp            (abs)        0000
__size_of_lee1             (abs)        0000
__size_of_lee2             (abs)        0000
__size_of_letra            (abs)        0000
__size_of_log              (abs)        0000
__size_of_main             (abs)        0000
__size_of_port             (abs)        0000
__size_of_pow              (abs)        0000
__size_of_reverse          (abs)        0000
__size_of_setup            (abs)        0000
__size_of_utoa             (abs)        0000
__size_of_word             (abs)        0000
__stringbase               strings      180F
__stringtab                strings      1800
_com                       text37       1C00
_cur                       text36       1C82
_enviar                    bssBANK1     00EA
_errno                     bssBANK3     0198
_eval_poly                 text23       1469
_exp                       text15       0B53
_exp$1153                  cstackBANK1  00BA
_floor                     text17       1707
_frexp                     text18       1ED7
_ftoa2                     text12       09CF
_ftoa2$1149                cstackBANK3  01AE
_ftoa2$1150                cstackBANK3  01B2
_guardar                   bssBANK3     01A4
_guardar2                  bssBANK3     019A
_itoa                      text5        1C35
_lcd_clear                 text35       1BF3
_lcd_init                  text34       1135
_ldexp                     text16       1623
_lee1                      text9        12F8
_lee2                      text4        1253
_letra                     text11       0007
_log                       text14       0873
_main                      maintext     1543
_port                      text38       1BB1
_pow                       text13       001D
_pow$1151                  cstackBANK1  00CA
_pow$1152                  cstackBANK1  00CE
_reverse                   text31       1D93
_setup                     text1        1C15
_utoa                      text6        0801
_valor                     bssBANK1     00E9
_voltaje                   bssBANK3     0194
_voltaje2                  bssBANK3     0190
_word                      text10       1001
btemp                      (abs)        007E
clear_ram0                 clrtext      1BB7
com@E                      cstackCOMMON 0072
cur@a                      cstackCOMMON 0076
cur@b                      cstackCOMMON 0073
cur@tiempo                 cstackCOMMON 0077
end_of_initialization      cinit        07FC
eval_poly@d                cstackBANK1  00A4
eval_poly@n                cstackBANK1  00A5
eval_poly@res              cstackBANK1  00AC
eval_poly@x                cstackBANK1  00A0
exp@coeff                  strings      1810
exp@exponent               cstackBANK1  00BE
exp@sign                   cstackBANK1  00C0
exp@x                      cstackBANK1  00B6
floor@expon                cstackBANK1  00A8
floor@i                    cstackBANK1  00A4
floor@x                    cstackBANK1  00A0
frexp@eptr                 cstackBANK0  003E
frexp@value                cstackBANK0  003A
ftoa2@Q                    cstackBANK1  00DB
ftoa2@coso                 cstackBANK3  01B8
ftoa2@cosof                cstackBANK3  01BA
ftoa2@i                    cstackBANK3  01B6
ftoa2@m                    cstackBANK1  00D7
ftoa2@puntor               cstackBANK1  00DC
intlevel0                  functab      0000
intlevel1                  functab      0000
intlevel2                  functab      0000
intlevel3                  functab      0000
intlevel4                  functab      0000
intlevel5                  functab      0000
itoa@base                  cstackBANK0  0026
itoa@buf                   cstackBANK0  0029
itoa@val                   cstackBANK0  0024
ldexp@newexp               cstackBANK1  00B4
ldexp@value                cstackBANK1  00B0
lee1@coso                  cstackBANK1  00E4
lee2@coso                  cstackBANK0  006A
letra@E                    cstackCOMMON 0072
log@coeff                  strings      1838
log@exponent               cstackBANK0  006D
log@x                      cstackBANK1  00B0
port@E                     cstackCOMMON 0070
pow@sign                   cstackBANK1  00D2
pow@x                      cstackBANK1  00C1
pow@y                      cstackBANK1  00C5
pow@yi                     cstackBANK1  00D3
reset_vec                  reset_vec    0000
reverse@i                  cstackCOMMON 0077
reverse@j                  cstackCOMMON 0079
reverse@len                cstackCOMMON 0070
reverse@tiempo             cstackCOMMON 0075
reverse@zpr                cstackCOMMON 007B
start                      init         0000
start_initialization       cinit        07EB
utoa@base                  cstackCOMMON 007A
utoa@buf                   cstackBANK0  0023
utoa@c                     cstackBANK0  0022
utoa@v                     cstackBANK0  0020
utoa@val                   cstackCOMMON 0078
word@a                     cstackCOMMON 0073
word@i                     cstackCOMMON 0078
wtemp0                     (abs)        007E


FUNCTION INFORMATION:

 *************** function _main *****************
 Defined at:
		line 55 in file "MasterPapu.c"
 Parameters:    Size  Location     Type
		None
 Auto vars:     Size  Location     Type
		None
 Return value:  Size  Location     Type
                  1    wreg      void 
 Registers used:
		wreg, fsr0l, fsr0h, status,2, status,0, btemp+1, pclath, cstack
 Tracked objects:
		On entry : 
		On exit  : 
		Unchanged: 
 Data sizes:     COMMON   BANK0   BANK1   BANK3   BANK2
      Params:         0       0       0       0       0
      Locals:         0       0       0       0       0
      Temps:          0       0       3       0       0
      Totals:         0       0       3       0       0
Total ram usage:        3 bytes
 Hardware stack levels required when called:    7
 This function calls:
		_I2C_Master_Read
		_I2C_Master_Start
		_I2C_Master_Stop
		_I2C_Master_Write
		_cur
		_lcd_clear
		_lcd_init
		_lee1
		_lee2
		_setup
		_word
 This function is called by:
		Startup code after reset
 This function uses a non-reentrant model


 *************** function _setup *****************
 Defined at:
		line 107 in file "MasterPapu.c"
 Parameters:    Size  Location     Type
		None
 Auto vars:     Size  Location     Type
		None
 Return value:  Size  Location     Type
                  1    wreg      void 
 Registers used:
		wreg, status,2, status,0, pclath, cstack
 Tracked objects:
		On entry : 
		On exit  : 
		Unchanged: 
 Data sizes:     COMMON   BANK0   BANK1   BANK3   BANK2
      Params:         0       0       0       0       0
      Locals:         0       0       0       0       0
      Temps:          0       0       0       0       0
      Totals:         0       0       0       0       0
Total ram usage:        0 bytes
 Hardware stack levels used:    1
 Hardware stack levels required when called:    2
 This function calls:
		_I2C_Master_Init
 This function is called by:
		_main
 This function uses a non-reentrant model


 *************** function _I2C_Master_Init *****************
 Defined at:
		line 16 in file "I2C.c"
 Parameters:    Size  Location     Type
  c               4    0[BANK0 ] const unsigned long 
 Auto vars:     Size  Location     Type
		None
 Return value:  Size  Location     Type
                  1    wreg      void 
 Registers used:
		wreg, status,2, status,0, pclath, cstack
 Tracked objects:
		On entry : 
		On exit  : 
		Unchanged: 
 Data sizes:     COMMON   BANK0   BANK1   BANK3   BANK2
      Params:         0       4       0       0       0
      Locals:         0       0       0       0       0
      Temps:          0       4       0       0       0
      Totals:         0       8       0       0       0
Total ram usage:        8 bytes
 Hardware stack levels used:    1
 Hardware stack levels required when called:    1
 This function calls:
		___lldiv
 This function is called by:
		_setup
 This function uses a non-reentrant model


 *************** function ___lldiv *****************
 Defined at:
		line 5 in file "C:\Program Files (x86)\Microchip\xc8\v2.10\pic\sources\c90\common\__lldiv.c"
 Parameters:    Size  Location     Type
  divisor         4    0[COMMON] unsigned long 
  dividend        4    4[COMMON] unsigned long 
 Auto vars:     Size  Location     Type
  quotient        4    9[COMMON] unsigned long 
  counter         1   13[COMMON] unsigned char 
 Return value:  Size  Location     Type
                  4    0[COMMON] unsigned long 
 Registers used:
		wreg, status,2, status,0
 Tracked objects:
		On entry : 
		On exit  : 
		Unchanged: 
 Data sizes:     COMMON   BANK0   BANK1   BANK3   BANK2
      Params:         8       0       0       0       0
      Locals:         5       0       0       0       0
      Temps:          1       0       0       0       0
      Totals:        14       0       0       0       0
Total ram usage:       14 bytes
 Hardware stack levels used:    1
 This function calls:
		Nothing
 This function is called by:
		_I2C_Master_Init
 This function uses a non-reentrant model


 *************** function _lee2 *****************
 Defined at:
		line 141 in file "./LCD2.h"
 Parameters:    Size  Location     Type
  coso            1    wreg     unsigned char 
 Auto vars:     Size  Location     Type
  coso            1   74[BANK0 ] unsigned char 
 Return value:  Size  Location     Type
                  1    wreg      void 
 Registers used:
		wreg, fsr0l, fsr0h, status,2, status,0, btemp+1, pclath, cstack
 Tracked objects:
		On entry : 
		On exit  : 
		Unchanged: 
 Data sizes:     COMMON   BANK0   BANK1   BANK3   BANK2
      Params:         0       0       0       0       0
      Locals:         0       1       0       0       0
      Temps:          0       4       0       0       0
      Totals:         0       5       0       0       0
Total ram usage:        5 bytes
 Hardware stack levels used:    1
 Hardware stack levels required when called:    3
 This function calls:
		___fldiv
		___flmul
		___fltol
		___xxtofl
		_itoa
		_word
 This function is called by:
		_main
 This function uses a non-reentrant model


 *************** function _itoa *****************
 Defined at:
		line 4 in file "C:\Program Files (x86)\Microchip\xc8\v2.10\pic\sources\c90\common\itoa.c"
 Parameters:    Size  Location     Type
  buf             1    wreg     PTR unsigned char 
		 -> guardar2(10), guardar(10), 
  val             2    4[BANK0 ] int 
  base            2    6[BANK0 ] int 
 Auto vars:     Size  Location     Type
  buf             1    9[BANK0 ] PTR unsigned char 
		 -> guardar2(10), guardar(10), 
  cp              1    0        PTR unsigned char 
		 -> guardar2(10), guardar(10), 
 Return value:  Size  Location     Type
                  1    wreg      PTR unsigned char 
 Registers used:
		wreg, fsr0l, fsr0h, status,2, status,0, pclath, cstack
 Tracked objects:
		On entry : 
		On exit  : 
		Unchanged: 
 Data sizes:     COMMON   BANK0   BANK1   BANK3   BANK2
      Params:         0       4       0       0       0
      Locals:         0       2       0       0       0
      Temps:          1       0       0       0       0
      Totals:         1       6       0       0       0
Total ram usage:        7 bytes
 Hardware stack levels used:    1
 Hardware stack levels required when called:    2
 This function calls:
		_utoa
 This function is called by:
		_lee2
		_lee4
		_ADCread3
 This function uses a non-reentrant model


 *************** function _utoa *****************
 Defined at:
		line 17 in file "C:\Program Files (x86)\Microchip\xc8\v2.10\pic\sources\c90\common\itoa.c"
 Parameters:    Size  Location     Type
  buf             1    wreg     PTR unsigned char 
		 -> guardar2(10), guardar(10), 
  val             2    8[COMMON] unsigned int 
  base            2   10[COMMON] int 
 Auto vars:     Size  Location     Type
  buf             1    3[BANK0 ] PTR unsigned char 
		 -> guardar2(10), guardar(10), 
  v               2    0[BANK0 ] unsigned int 
  c               1    2[BANK0 ] unsigned char 
 Return value:  Size  Location     Type
                  1    wreg      PTR unsigned char 
 Registers used:
		wreg, fsr0l, fsr0h, status,2, status,0, pclath, cstack
 Tracked objects:
		On entry : 
		On exit  : 
		Unchanged: 
 Data sizes:     COMMON   BANK0   BANK1   BANK3   BANK2
      Params:         4       0       0       0       0
      Locals:         0       4       0       0       0
      Temps:          1       0       0       0       0
      Totals:         5       4       0       0       0
Total ram usage:        9 bytes
 Hardware stack levels used:    1
 Hardware stack levels required when called:    1
 This function calls:
		___lwdiv
		___lwmod
 This function is called by:
		_itoa
 This function uses a non-reentrant model


 *************** function ___lwmod *****************
 Defined at:
		line 5 in file "C:\Program Files (x86)\Microchip\xc8\v2.10\pic\sources\c90\common\lwmod.c"
 Parameters:    Size  Location     Type
  divisor         2    0[COMMON] unsigned int 
  dividend        2    2[COMMON] unsigned int 
 Auto vars:     Size  Location     Type
  counter         1    5[COMMON] unsigned char 
 Return value:  Size  Location     Type
                  2    0[COMMON] unsigned int 
 Registers used:
		wreg, status,2, status,0
 Tracked objects:
		On entry : 
		On exit  : 
		Unchanged: 
 Data sizes:     COMMON   BANK0   BANK1   BANK3   BANK2
      Params:         4       0       0       0       0
      Locals:         1       0       0       0       0
      Temps:          1       0       0       0       0
      Totals:         6       0       0       0       0
Total ram usage:        6 bytes
 Hardware stack levels used:    1
 This function calls:
		Nothing
 This function is called by:
		_utoa
 This function uses a non-reentrant model


 *************** function ___lwdiv *****************
 Defined at:
		line 5 in file "C:\Program Files (x86)\Microchip\xc8\v2.10\pic\sources\c90\common\lwdiv.c"
 Parameters:    Size  Location     Type
  divisor         2    0[COMMON] unsigned int 
  dividend        2    2[COMMON] unsigned int 
 Auto vars:     Size  Location     Type
  quotient        2    5[COMMON] unsigned int 
  counter         1    7[COMMON] unsigned char 
 Return value:  Size  Location     Type
                  2    0[COMMON] unsigned int 
 Registers used:
		wreg, status,2, status,0
 Tracked objects:
		On entry : 
		On exit  : 
		Unchanged: 
 Data sizes:     COMMON   BANK0   BANK1   BANK3   BANK2
      Params:         4       0       0       0       0
      Locals:         3       0       0       0       0
      Temps:          1       0       0       0       0
      Totals:         8       0       0       0       0
Total ram usage:        8 bytes
 Hardware stack levels used:    1
 This function calls:
		Nothing
 This function is called by:
		_utoa
 This function uses a non-reentrant model


 *************** function _lee1 *****************
 Defined at:
		line 129 in file "./LCD2.h"
 Parameters:    Size  Location     Type
  coso            1    wreg     unsigned char 
 Auto vars:     Size  Location     Type
  coso            1   68[BANK1 ] unsigned char 
 Return value:  Size  Location     Type
                  1    wreg      void 
 Registers used:
		wreg, fsr0l, fsr0h, status,2, status,0, btemp+1, pclath, cstack
 Tracked objects:
		On entry : 
		On exit  : 
		Unchanged: 
 Data sizes:     COMMON   BANK0   BANK1   BANK3   BANK2
      Params:         0       0       0       0       0
      Locals:         0       0       1       0       0
      Temps:          0       0       4       0       0
      Totals:         0       0       5       0       0
Total ram usage:        5 bytes
 Hardware stack levels used:    1
 Hardware stack levels required when called:    6
 This function calls:
		___fldiv
		___flmul
		___xxtofl
		_ftoa2
		_word
 This function is called by:
		_main
 This function uses a non-reentrant model


 *************** function _word *****************
 Defined at:
		line 110 in file "./LCD2.h"
 Parameters:    Size  Location     Type
  a               2    3[COMMON] PTR unsigned char 
		 -> STR_5(2), STR_4(2), STR_3(3), STR_2(3), 
		 -> STR_1(3), guardar2(10), guardar(10), 
 Auto vars:     Size  Location     Type
  i               2    8[COMMON] int 
 Return value:  Size  Location     Type
                  1    wreg      void 
 Registers used:
		wreg, fsr0l, fsr0h, status,2, status,0, btemp+1, pclath, cstack
 Tracked objects:
		On entry : 
		On exit  : 
		Unchanged: 
 Data sizes:     COMMON   BANK0   BANK1   BANK3   BANK2
      Params:         2       0       0       0       0
      Locals:         2       0       0       0       0
      Temps:          3       0       0       0       0
      Totals:         7       0       0       0       0
Total ram usage:        7 bytes
 Hardware stack levels used:    1
 Hardware stack levels required when called:    2
 This function calls:
		_letra
 This function is called by:
		_lee1
		_lee2
		_main
		_lee3
		_lee4
		_ADCread3
		_ADCread4
 This function uses a non-reentrant model


 *************** function _letra *****************
 Defined at:
		line 99 in file "./LCD2.h"
 Parameters:    Size  Location     Type
  E               1    wreg     unsigned char 
 Auto vars:     Size  Location     Type
  E               1    2[COMMON] unsigned char 
 Return value:  Size  Location     Type
                  1    wreg      void 
 Registers used:
		wreg, status,2, status,0, pclath, cstack
 Tracked objects:
		On entry : 
		On exit  : 
		Unchanged: 
 Data sizes:     COMMON   BANK0   BANK1   BANK3   BANK2
      Params:         0       0       0       0       0
      Locals:         1       0       0       0       0
      Temps:          1       0       0       0       0
      Totals:         2       0       0       0       0
Total ram usage:        2 bytes
 Hardware stack levels used:    1
 Hardware stack levels required when called:    1
 This function calls:
		_port
 This function is called by:
		_word
 This function uses a non-reentrant model


 *************** function _ftoa2 *****************
 Defined at:
		line 247 in file "./LCD2.h"
 Parameters:    Size  Location     Type
  m               4   55[BANK1 ] float 
  Q               1   59[BANK1 ] PTR unsigned char 
		 -> guardar2(10), guardar(10), 
  puntor          2   60[BANK1 ] int 
 Auto vars:     Size  Location     Type
  cosof           4   12[BANK3 ] float 
  coso            2   10[BANK3 ] int 
  i               2    8[BANK3 ] int 
 Return value:  Size  Location     Type
                  1    wreg      void 
 Registers used:
		wreg, fsr0l, fsr0h, status,2, status,0, btemp+1, pclath, cstack
 Tracked objects:
		On entry : 
		On exit  : 
		Unchanged: 
 Data sizes:     COMMON   BANK0   BANK1   BANK3   BANK2
      Params:         0       0       7       0       0
      Locals:         0       0       0      16       0
      Temps:          0       0       2       0       0
      Totals:         0       0       9      16       0
Total ram usage:       25 bytes
 Hardware stack levels used:    1
 Hardware stack levels required when called:    5
 This function calls:
		_Dtr
		___flmul
		___flsub
		___fltol
		___xxtofl
		_pow
 This function is called by:
		_lee1
		_lee3
		_ADCread4
 This function uses a non-reentrant model


 *************** function _pow *****************
 Defined at:
		line 5 in file "C:\Program Files (x86)\Microchip\xc8\v2.10\pic\sources\c90\common\pow.c"
 Parameters:    Size  Location     Type
  x               4   33[BANK1 ] void 
  y               4   37[BANK1 ] void 
 Auto vars:     Size  Location     Type
  yi              4   51[BANK1 ] unsigned long 
  sign            1   50[BANK1 ] unsigned char 
 Return value:  Size  Location     Type
                  4   33[BANK1 ] unsigned char 
 Registers used:
		wreg, fsr0l, fsr0h, status,2, status,0, btemp+1, pclath, cstack
 Tracked objects:
		On entry : 
		On exit  : 
		Unchanged: 
 Data sizes:     COMMON   BANK0   BANK1   BANK3   BANK2
      Params:         0       0       8       0       0
      Locals:         0       0      13       0       0
      Temps:          0       0       1       0       0
      Totals:         0       0      22       0       0
Total ram usage:       22 bytes
 Hardware stack levels used:    1
 Hardware stack levels required when called:    4
 This function calls:
		___fleq
		___flge
		___flmul
		___flneg
		___fltol
		___xxtofl
		_exp
		_log
 This function is called by:
		_ftoa2
 This function uses a non-reentrant model


 *************** function _log *****************
 Defined at:
		line 5 in file "C:\Program Files (x86)\Microchip\xc8\v2.10\pic\sources\c90\common\log.c"
 Parameters:    Size  Location     Type
  x               4   16[BANK1 ] unsigned char 
 Auto vars:     Size  Location     Type
  exponent        2   77[BANK0 ] int 
 Return value:  Size  Location     Type
                  4   16[BANK1 ] int 
 Registers used:
		wreg, fsr0l, fsr0h, status,2, status,0, btemp+1, pclath, cstack
 Tracked objects:
		On entry : 
		On exit  : 
		Unchanged: 
 Data sizes:     COMMON   BANK0   BANK1   BANK3   BANK2
      Params:         0       0       4       0       0
      Locals:         0       2       0       0       0
      Temps:          1       0       0       0       0
      Totals:         1       2       4       0       0
Total ram usage:        7 bytes
 Hardware stack levels used:    1
 Hardware stack levels required when called:    3
 This function calls:
		___fladd
		___fleq
		___flge
		___flmul
		___xxtofl
		_eval_poly
		_frexp
 This function is called by:
		_pow
 This function uses a non-reentrant model


 *************** function _exp *****************
 Defined at:
		line 12 in file "C:\Program Files (x86)\Microchip\xc8\v2.10\pic\sources\c90\common\exp.c"
 Parameters:    Size  Location     Type
  x               4   22[BANK1 ] int 
 Auto vars:     Size  Location     Type
  exponent        2   30[BANK1 ] int 
  sign            1   32[BANK1 ] unsigned char 
 Return value:  Size  Location     Type
                  4   22[BANK1 ] unsigned char 
 Registers used:
		wreg, fsr0l, fsr0h, status,2, status,0, btemp+1, pclath, cstack
 Tracked objects:
		On entry : 
		On exit  : 
		Unchanged: 
 Data sizes:     COMMON   BANK0   BANK1   BANK3   BANK2
      Params:         0       0       4       0       0
      Locals:         0       0       7       0       0
      Temps:          0       1       0       0       0
      Totals:         0       1      11       0       0
Total ram usage:       12 bytes
 Hardware stack levels used:    1
 Hardware stack levels required when called:    3
 This function calls:
		___fldiv
		___fleq
		___flge
		___flmul
		___flneg
		___flsub
		___fltol
		___xxtofl
		_eval_poly
		_floor
		_ldexp
 This function is called by:
		_pow
 This function uses a non-reentrant model


 *************** function _ldexp *****************
 Defined at:
		line 277 in file "C:\Program Files (x86)\Microchip\xc8\v2.10\pic\sources\c90\common\frexp.c"
 Parameters:    Size  Location     Type
  value           4   16[BANK1 ] unsigned char 
  newexp          2   20[BANK1 ] int 
 Auto vars:     Size  Location     Type
		None
 Return value:  Size  Location     Type
                  4   16[BANK1 ] int 
 Registers used:
		wreg, status,2, status,0, btemp+1, pclath, cstack
 Tracked objects:
		On entry : 
		On exit  : 
		Unchanged: 
 Data sizes:     COMMON   BANK0   BANK1   BANK3   BANK2
      Params:         0       0       6       0       0
      Locals:         0       0       0       0       0
      Temps:          0       2       0       0       0
      Totals:         0       2       6       0       0
Total ram usage:        8 bytes
 Hardware stack levels used:    1
 Hardware stack levels required when called:    1
 This function calls:
		___fleq
		___flge
 This function is called by:
		_exp
 This function uses a non-reentrant model


 *************** function _floor *****************
 Defined at:
		line 13 in file "C:\Program Files (x86)\Microchip\xc8\v2.10\pic\sources\c90\common\floor.c"
 Parameters:    Size  Location     Type
  x               4    0[BANK1 ] int 
 Auto vars:     Size  Location     Type
  i               4    4[BANK1 ] int 
  expon           2    8[BANK1 ] int 
 Return value:  Size  Location     Type
                  4    0[BANK1 ] int 
 Registers used:
		wreg, fsr0l, fsr0h, status,2, status,0, btemp+1, pclath, cstack
 Tracked objects:
		On entry : 
		On exit  : 
		Unchanged: 
 Data sizes:     COMMON   BANK0   BANK1   BANK3   BANK2
      Params:         0       0       4       0       0
      Locals:         0       0       6       0       0
      Temps:          1       0       0       0       0
      Totals:         1       0      10       0       0
Total ram usage:       11 bytes
 Hardware stack levels used:    1
 Hardware stack levels required when called:    2
 This function calls:
		___fladd
		___flge
		___fltol
		___xxtofl
		_frexp
 This function is called by:
		_exp
 This function uses a non-reentrant model


 *************** function _frexp *****************
 Defined at:
		line 254 in file "C:\Program Files (x86)\Microchip\xc8\v2.10\pic\sources\c90\common\frexp.c"
 Parameters:    Size  Location     Type
  value           4   26[BANK0 ] int 
  eptr            1   30[BANK0 ] PTR int 
		 -> log@exponent(2), floor@expon(2), 
 Auto vars:     Size  Location     Type
		None
 Return value:  Size  Location     Type
                  4   26[BANK0 ] PTR int 
 Registers used:
		wreg, fsr0l, fsr0h, status,2, status,0, btemp+1, pclath, cstack
 Tracked objects:
		On entry : 
		On exit  : 
		Unchanged: 
 Data sizes:     COMMON   BANK0   BANK1   BANK3   BANK2
      Params:         0       5       0       0       0
      Locals:         0       0       0       0       0
      Temps:          2       0       0       0       0
      Totals:         2       5       0       0       0
Total ram usage:        7 bytes
 Hardware stack levels used:    1
 Hardware stack levels required when called:    1
 This function calls:
		___fleq
 This function is called by:
		_floor
		_log
 This function uses a non-reentrant model


 *************** function ___fleq *****************
 Defined at:
		line 4 in file "C:\Program Files (x86)\Microchip\xc8\v2.10\pic\sources\c90\common\fleq.c"
 Parameters:    Size  Location     Type
  ff1             4   14[BANK0 ] PTR int 
  ff2             4   18[BANK0 ] PTR int 
 Auto vars:     Size  Location     Type
		None
 Return value:  Size  Location     Type
		None               void
 Registers used:
		wreg, status,2, status,0
 Tracked objects:
		On entry : 
		On exit  : 
		Unchanged: 
 Data sizes:     COMMON   BANK0   BANK1   BANK3   BANK2
      Params:         0       8       0       0       0
      Locals:         0       0       0       0       0
      Temps:          0       4       0       0       0
      Totals:         0      12       0       0       0
Total ram usage:       12 bytes
 Hardware stack levels used:    1
 This function calls:
		Nothing
 This function is called by:
		_pow
		_exp
		_frexp
		_ldexp
		_log
 This function uses a non-reentrant model


 *************** function ___xxtofl *****************
 Defined at:
		line 10 in file "C:\Program Files (x86)\Microchip\xc8\v2.10\pic\sources\c90\common\xxtofl.c"
 Parameters:    Size  Location     Type
  sign            1    wreg     unsigned char 
  val             4    0[BANK0 ] long 
 Auto vars:     Size  Location     Type
  sign            1    8[BANK0 ] unsigned char 
  arg             4   10[BANK0 ] unsigned long 
  exp             1    9[BANK0 ] unsigned char 
 Return value:  Size  Location     Type
                  4    0[BANK0 ] unsigned char 
 Registers used:
		wreg, status,2, status,0
 Tracked objects:
		On entry : 
		On exit  : 
		Unchanged: 
 Data sizes:     COMMON   BANK0   BANK1   BANK3   BANK2
      Params:         0       4       0       0       0
      Locals:         0       6       0       0       0
      Temps:          0       4       0       0       0
      Totals:         0      14       0       0       0
Total ram usage:       14 bytes
 Hardware stack levels used:    1
 This function calls:
		Nothing
 This function is called by:
		_lee1
		_lee2
		_ftoa2
		_pow
		_exp
		_floor
		_log
		_lee3
		_lee4
		_ADCread3
		_ADCread4
 This function uses a non-reentrant model


 *************** function ___fltol *****************
 Defined at:
		line 43 in file "C:\Program Files (x86)\Microchip\xc8\v2.10\pic\sources\c90\common\fltol.c"
 Parameters:    Size  Location     Type
  f1              4    0[COMMON] unsigned char 
 Auto vars:     Size  Location     Type
  exp1            1   10[COMMON] unsigned char 
  sign1           1    9[COMMON] unsigned char 
 Return value:  Size  Location     Type
                  4    0[COMMON] long 
 Registers used:
		wreg, status,2, status,0
 Tracked objects:
		On entry : 
		On exit  : 
		Unchanged: 
 Data sizes:     COMMON   BANK0   BANK1   BANK3   BANK2
      Params:         4       0       0       0       0
      Locals:         2       0       0       0       0
      Temps:          5       0       0       0       0
      Totals:        11       0       0       0       0
Total ram usage:       11 bytes
 Hardware stack levels used:    1
 This function calls:
		Nothing
 This function is called by:
		_lee2
		_ftoa2
		_pow
		_exp
		_floor
		_lee4
		_ADCread3
 This function uses a non-reentrant model


 *************** function ___flge *****************
 Defined at:
		line 4 in file "C:\Program Files (x86)\Microchip\xc8\v2.10\pic\sources\c90\common\flge.c"
 Parameters:    Size  Location     Type
  ff1             4    0[COMMON] long 
  ff2             4    4[COMMON] long 
 Auto vars:     Size  Location     Type
		None
 Return value:  Size  Location     Type
		None               void
 Registers used:
		wreg, status,2, status,0
 Tracked objects:
		On entry : 
		On exit  : 
		Unchanged: 
 Data sizes:     COMMON   BANK0   BANK1   BANK3   BANK2
      Params:         8       0       0       0       0
      Locals:         0       0       0       0       0
      Temps:          4       0       0       0       0
      Totals:        12       0       0       0       0
Total ram usage:       12 bytes
 Hardware stack levels used:    1
 This function calls:
		Nothing
 This function is called by:
		_pow
		_exp
		_floor
		_ldexp
		_log
 This function uses a non-reentrant model


 *************** function _eval_poly *****************
 Defined at:
		line 4 in file "C:\Program Files (x86)\Microchip\xc8\v2.10\pic\sources\c90\common\evalpoly.c"
 Parameters:    Size  Location     Type
  x               4    0[BANK1 ] long 
  d               1    4[BANK1 ] PTR const 
		 -> log@coeff(36), exp@coeff(40), 
  n               2    5[BANK1 ] int 
 Auto vars:     Size  Location     Type
  res             4   12[BANK1 ] int 
 Return value:  Size  Location     Type
                  4    0[BANK1 ] int 
 Registers used:
		wreg, fsr0l, fsr0h, status,2, status,0, btemp+1, pclath, cstack
 Tracked objects:
		On entry : 
		On exit  : 
		Unchanged: 
 Data sizes:     COMMON   BANK0   BANK1   BANK3   BANK2
      Params:         0       0       7       0       0
      Locals:         0       0       4       0       0
      Temps:          0       0       5       0       0
      Totals:         0       0      16       0       0
Total ram usage:       16 bytes
 Hardware stack levels used:    1
 Hardware stack levels required when called:    2
 This function calls:
		___fladd
		___flmul
 This function is called by:
		_exp
		_log
 This function uses a non-reentrant model


 *************** function ___flmul *****************
 Defined at:
		line 8 in file "C:\Program Files (x86)\Microchip\xc8\v2.10\pic\sources\c90\common\sprcmul.c"
 Parameters:    Size  Location     Type
  b               4   31[BANK0 ] int 
  a               4   35[BANK0 ] int 
 Auto vars:     Size  Location     Type
  prod            4   51[BANK0 ] struct .
  grs             4   46[BANK0 ] unsigned long 
  temp            2   55[BANK0 ] struct .
  bexp            1   50[BANK0 ] unsigned char 
  aexp            1   45[BANK0 ] unsigned char 
  sign            1   44[BANK0 ] unsigned char 
 Return value:  Size  Location     Type
                  4   31[BANK0 ] unsigned char 
 Registers used:
		wreg, status,2, status,0, btemp+1, pclath, cstack
 Tracked objects:
		On entry : 
		On exit  : 
		Unchanged: 
 Data sizes:     COMMON   BANK0   BANK1   BANK3   BANK2
      Params:         0       8       0       0       0
      Locals:         0      13       0       0       0
      Temps:          0       5       0       0       0
      Totals:         0      26       0       0       0
Total ram usage:       26 bytes
 Hardware stack levels used:    1
 Hardware stack levels required when called:    1
 This function calls:
		__Umul8_16
 This function is called by:
		_lee1
		_lee2
		_ftoa2
		_pow
		_exp
		_log
		_eval_poly
		_lee3
		_lee4
		_ADCread3
		_ADCread4
 This function uses a non-reentrant model


 *************** function __Umul8_16 *****************
 Defined at:
		line 4 in file "C:\Program Files (x86)\Microchip\xc8\v2.10\pic\sources\c90\common\Umul8_16.c"
 Parameters:    Size  Location     Type
  multiplier      1    wreg     unsigned char 
  multiplicand    1    0[COMMON] unsigned char 
 Auto vars:     Size  Location     Type
  multiplier      1    8[COMMON] unsigned char 
  word_mpld       2    6[COMMON] unsigned int 
  product         2    4[COMMON] unsigned int 
 Return value:  Size  Location     Type
                  2    0[COMMON] unsigned int 
 Registers used:
		wreg, status,2, status,0
 Tracked objects:
		On entry : 
		On exit  : 
		Unchanged: 
 Data sizes:     COMMON   BANK0   BANK1   BANK3   BANK2
      Params:         2       0       0       0       0
      Locals:         5       0       0       0       0
      Temps:          2       0       0       0       0
      Totals:         9       0       0       0       0
Total ram usage:        9 bytes
 Hardware stack levels used:    1
 This function calls:
		Nothing
 This function is called by:
		___flmul
 This function uses a non-reentrant model


 *************** function ___flsub *****************
 Defined at:
		line 242 in file "C:\Program Files (x86)\Microchip\xc8\v2.10\pic\sources\c90\common\sprcadd.c"
 Parameters:    Size  Location     Type
  a               4    0[BANK1 ] unsigned int 
  b               4    4[BANK1 ] unsigned int 
 Auto vars:     Size  Location     Type
		None
 Return value:  Size  Location     Type
                  4    0[BANK1 ] unsigned int 
 Registers used:
		wreg, status,2, status,0, btemp+1, pclath, cstack
 Tracked objects:
		On entry : 
		On exit  : 
		Unchanged: 
 Data sizes:     COMMON   BANK0   BANK1   BANK3   BANK2
      Params:         0       0       8       0       0
      Locals:         0       0       0       0       0
      Temps:          0       0       0       0       0
      Totals:         0       0       8       0       0
Total ram usage:        8 bytes
 Hardware stack levels used:    1
 Hardware stack levels required when called:    1
 This function calls:
		___fladd
 This function is called by:
		_ftoa2
		_exp
 This function uses a non-reentrant model


 *************** function ___fladd *****************
 Defined at:
		line 10 in file "C:\Program Files (x86)\Microchip\xc8\v2.10\pic\sources\c90\common\sprcadd.c"
 Parameters:    Size  Location     Type
  b               4   57[BANK0 ] unsigned int 
  a               4   61[BANK0 ] unsigned int 
 Auto vars:     Size  Location     Type
  grs             1   76[BANK0 ] unsigned char 
  bexp            1   75[BANK0 ] unsigned char 
  aexp            1   74[BANK0 ] unsigned char 
  signs           1   73[BANK0 ] unsigned char 
 Return value:  Size  Location     Type
                  4   57[BANK0 ] unsigned char 
 Registers used:
		wreg, status,2, status,0, btemp+1
 Tracked objects:
		On entry : 
		On exit  : 
		Unchanged: 
 Data sizes:     COMMON   BANK0   BANK1   BANK3   BANK2
      Params:         0       8       0       0       0
      Locals:         0       4       0       0       0
      Temps:          0       8       0       0       0
      Totals:         0      20       0       0       0
Total ram usage:       20 bytes
 Hardware stack levels used:    1
 This function calls:
		Nothing
 This function is called by:
		___flsub
		_floor
		_log
		_eval_poly
 This function uses a non-reentrant model


 *************** function ___flneg *****************
 Defined at:
		line 15 in file "C:\Program Files (x86)\Microchip\xc8\v2.10\pic\sources\c90\common\flneg.c"
 Parameters:    Size  Location     Type
  f1              4    0[COMMON] unsigned char 
 Auto vars:     Size  Location     Type
		None
 Return value:  Size  Location     Type
                  4    0[COMMON] unsigned char 
 Registers used:
		wreg
 Tracked objects:
		On entry : 
		On exit  : 
		Unchanged: 
 Data sizes:     COMMON   BANK0   BANK1   BANK3   BANK2
      Params:         4       0       0       0       0
      Locals:         0       0       0       0       0
      Temps:          0       0       0       0       0
      Totals:         4       0       0       0       0
Total ram usage:        4 bytes
 Hardware stack levels used:    1
 This function calls:
		Nothing
 This function is called by:
		_pow
		_exp
 This function uses a non-reentrant model


 *************** function ___fldiv *****************
 Defined at:
		line 8 in file "C:\Program Files (x86)\Microchip\xc8\v2.10\pic\sources\c90\common\sprcdiv.c"
 Parameters:    Size  Location     Type
  a               4   57[BANK0 ] unsigned char 
  b               4   61[BANK0 ] unsigned char 
 Auto vars:     Size  Location     Type
  grs             4    7[BANK1 ] unsigned long 
  rem             4    0[BANK1 ] unsigned long 
  new_exp         2    5[BANK1 ] int 
  aexp            1   12[BANK1 ] unsigned char 
  bexp            1   11[BANK1 ] unsigned char 
  sign            1    4[BANK1 ] unsigned char 
 Return value:  Size  Location     Type
                  4   57[BANK0 ] unsigned char 
 Registers used:
		wreg, status,2, status,0, btemp+1
 Tracked objects:
		On entry : 
		On exit  : 
		Unchanged: 
 Data sizes:     COMMON   BANK0   BANK1   BANK3   BANK2
      Params:         0       8       0       0       0
      Locals:         0       0      13       0       0
      Temps:          0       5       0       0       0
      Totals:         0      13      13       0       0
Total ram usage:       26 bytes
 Hardware stack levels used:    1
 This function calls:
		Nothing
 This function is called by:
		_lee1
		_lee2
		_exp
		_lee3
		_lee4
		_ADCread3
		_ADCread4
 This function uses a non-reentrant model


 *************** function _Dtr *****************
 Defined at:
		line 232 in file "./LCD2.h"
 Parameters:    Size  Location     Type
  y               2    0[BANK0 ] int 
  zpr             1    2[BANK0 ] PTR unsigned char 
		 -> guardar2(10), guardar(10), 
  P               2    3[BANK0 ] int 
 Auto vars:     Size  Location     Type
  i               2    5[BANK0 ] int 
 Return value:  Size  Location     Type
                  2    0[BANK0 ] int 
 Registers used:
		wreg, fsr0l, fsr0h, status,2, status,0, pclath, cstack
 Tracked objects:
		On entry : 
		On exit  : 
		Unchanged: 
 Data sizes:     COMMON   BANK0   BANK1   BANK3   BANK2
      Params:         0       5       0       0       0
      Locals:         0       2       0       0       0
      Temps:          2       0       0       0       0
      Totals:         2       7       0       0       0
Total ram usage:        9 bytes
 Hardware stack levels used:    1
 Hardware stack levels required when called:    1
 This function calls:
		___awdiv
		___awmod
		_reverse
 This function is called by:
		_ftoa2
 This function uses a non-reentrant model


 *************** function _reverse *****************
 Defined at:
		line 222 in file "./LCD2.h"
 Parameters:    Size  Location     Type
  zpr             1    wreg     PTR unsigned char 
		 -> guardar2(10), guardar(10), 
  len             2    0[COMMON] int 
 Auto vars:     Size  Location     Type
  zpr             1   11[COMMON] PTR unsigned char 
		 -> guardar2(10), guardar(10), 
  j               2    9[COMMON] int 
  i               2    7[COMMON] int 
  tiempo          2    5[COMMON] int 
 Return value:  Size  Location     Type
                  1    wreg      void 
 Registers used:
		wreg, fsr0l, fsr0h, status,2, status,0
 Tracked objects:
		On entry : 
		On exit  : 
		Unchanged: 
 Data sizes:     COMMON   BANK0   BANK1   BANK3   BANK2
      Params:         2       0       0       0       0
      Locals:         7       0       0       0       0
      Temps:          3       0       0       0       0
      Totals:        12       0       0       0       0
Total ram usage:       12 bytes
 Hardware stack levels used:    1
 This function calls:
		Nothing
 This function is called by:
		_Dtr
 This function uses a non-reentrant model


 *************** function ___awmod *****************
 Defined at:
		line 5 in file "C:\Program Files (x86)\Microchip\xc8\v2.10\pic\sources\c90\common\awmod.c"
 Parameters:    Size  Location     Type
  divisor         2    0[COMMON] int 
  dividend        2    2[COMMON] int 
 Auto vars:     Size  Location     Type
  sign            1    6[COMMON] unsigned char 
  counter         1    5[COMMON] unsigned char 
 Return value:  Size  Location     Type
                  2    0[COMMON] int 
 Registers used:
		wreg, status,2, status,0
 Tracked objects:
		On entry : 
		On exit  : 
		Unchanged: 
 Data sizes:     COMMON   BANK0   BANK1   BANK3   BANK2
      Params:         4       0       0       0       0
      Locals:         2       0       0       0       0
      Temps:          1       0       0       0       0
      Totals:         7       0       0       0       0
Total ram usage:        7 bytes
 Hardware stack levels used:    1
 This function calls:
		Nothing
 This function is called by:
		_Dtr
 This function uses a non-reentrant model


 *************** function ___awdiv *****************
 Defined at:
		line 5 in file "C:\Program Files (x86)\Microchip\xc8\v2.10\pic\sources\c90\common\awdiv.c"
 Parameters:    Size  Location     Type
  divisor         2    0[COMMON] int 
  dividend        2    2[COMMON] int 
 Auto vars:     Size  Location     Type
  quotient        2    7[COMMON] int 
  sign            1    6[COMMON] unsigned char 
  counter         1    5[COMMON] unsigned char 
 Return value:  Size  Location     Type
                  2    0[COMMON] int 
 Registers used:
		wreg, status,2, status,0
 Tracked objects:
		On entry : 
		On exit  : 
		Unchanged: 
 Data sizes:     COMMON   BANK0   BANK1   BANK3   BANK2
      Params:         4       0       0       0       0
      Locals:         4       0       0       0       0
      Temps:          1       0       0       0       0
      Totals:         9       0       0       0       0
Total ram usage:        9 bytes
 Hardware stack levels used:    1
 This function calls:
		Nothing
 This function is called by:
		_Dtr
 This function uses a non-reentrant model


 *************** function _lcd_init *****************
 Defined at:
		line 75 in file "./LCD2.h"
 Parameters:    Size  Location     Type
		None
 Auto vars:     Size  Location     Type
		None
 Return value:  Size  Location     Type
                  1    wreg      void 
 Registers used:
		wreg, status,2, status,0, pclath, cstack
 Tracked objects:
		On entry : 
		On exit  : 
		Unchanged: 
 Data sizes:     COMMON   BANK0   BANK1   BANK3   BANK2
      Params:         0       0       0       0       0
      Locals:         0       0       0       0       0
      Temps:          2       0       0       0       0
      Totals:         2       0       0       0       0
Total ram usage:        2 bytes
 Hardware stack levels used:    1
 Hardware stack levels required when called:    2
 This function calls:
		_com
 This function is called by:
		_main
 This function uses a non-reentrant model


 *************** function _lcd_clear *****************
 Defined at:
		line 55 in file "./LCD2.h"
 Parameters:    Size  Location     Type
		None
 Auto vars:     Size  Location     Type
		None
 Return value:  Size  Location     Type
                  1    wreg      void 
 Registers used:
		wreg, status,2, status,0, pclath, cstack
 Tracked objects:
		On entry : 
		On exit  : 
		Unchanged: 
 Data sizes:     COMMON   BANK0   BANK1   BANK3   BANK2
      Params:         0       0       0       0       0
      Locals:         0       0       0       0       0
      Temps:          0       0       0       0       0
      Totals:         0       0       0       0       0
Total ram usage:        0 bytes
 Hardware stack levels used:    1
 Hardware stack levels required when called:    2
 This function calls:
		_com
 This function is called by:
		_main
 This function uses a non-reentrant model


 *************** function _cur *****************
 Defined at:
		line 59 in file "./LCD2.h"
 Parameters:    Size  Location     Type
  a               1    wreg     unsigned char 
  b               1    3[COMMON] unsigned char 
 Auto vars:     Size  Location     Type
  a               1    6[COMMON] unsigned char 
  tiempo          1    7[COMMON] unsigned char 
 Return value:  Size  Location     Type
                  1    wreg      void 
 Registers used:
		wreg, status,2, status,0, pclath, cstack
 Tracked objects:
		On entry : 
		On exit  : 
		Unchanged: 
 Data sizes:     COMMON   BANK0   BANK1   BANK3   BANK2
      Params:         1       0       0       0       0
      Locals:         2       0       0       0       0
      Temps:          2       0       0       0       0
      Totals:         5       0       0       0       0
Total ram usage:        5 bytes
 Hardware stack levels used:    1
 Hardware stack levels required when called:    2
 This function calls:
		_com
 This function is called by:
		_main
 This function uses a non-reentrant model


 *************** function _com *****************
 Defined at:
		line 47 in file "./LCD2.h"
 Parameters:    Size  Location     Type
  E               1    wreg     unsigned char 
 Auto vars:     Size  Location     Type
  E               1    2[COMMON] unsigned char 
 Return value:  Size  Location     Type
                  1    wreg      void 
 Registers used:
		wreg, status,2, status,0, pclath, cstack
 Tracked objects:
		On entry : 
		On exit  : 
		Unchanged: 
 Data sizes:     COMMON   BANK0   BANK1   BANK3   BANK2
      Params:         0       0       0       0       0
      Locals:         1       0       0       0       0
      Temps:          1       0       0       0       0
      Totals:         2       0       0       0       0
Total ram usage:        2 bytes
 Hardware stack levels used:    1
 Hardware stack levels required when called:    1
 This function calls:
		_port
 This function is called by:
		_lcd_clear
		_cur
		_lcd_init
		_Lcd_Shift_Right
		_Lcd_Shift_Left
 This function uses a non-reentrant model


 *************** function _port *****************
 Defined at:
		line 43 in file "./LCD2.h"
 Parameters:    Size  Location     Type
  E               1    wreg     unsigned char 
 Auto vars:     Size  Location     Type
  E               1    0[COMMON] unsigned char 
 Return value:  Size  Location     Type
                  1    wreg      void 
 Registers used:
		wreg
 Tracked objects:
		On entry : 
		On exit  : 
		Unchanged: 
 Data sizes:     COMMON   BANK0   BANK1   BANK3   BANK2
      Params:         0       0       0       0       0
      Locals:         1       0       0       0       0
      Temps:          0       0       0       0       0
      Totals:         1       0       0       0       0
Total ram usage:        1 bytes
 Hardware stack levels used:    1
 This function calls:
		Nothing
 This function is called by:
		_com
		_letra
 This function uses a non-reentrant model


 *************** function _I2C_Master_Write *****************
 Defined at:
		line 65 in file "I2C.c"
 Parameters:    Size  Location     Type
  d               2    0[COMMON] unsigned int 
 Auto vars:     Size  Location     Type
		None
 Return value:  Size  Location     Type
                  1    wreg      void 
 Registers used:
		wreg, status,2, status,0, pclath, cstack
 Tracked objects:
		On entry : 
		On exit  : 
		Unchanged: 
 Data sizes:     COMMON   BANK0   BANK1   BANK3   BANK2
      Params:         2       0       0       0       0
      Locals:         0       0       0       0       0
      Temps:          0       0       0       0       0
      Totals:         2       0       0       0       0
Total ram usage:        2 bytes
 Hardware stack levels used:    1
 Hardware stack levels required when called:    1
 This function calls:
		_I2C_Master_Wait
 This function is called by:
		_main
 This function uses a non-reentrant model


 *************** function _I2C_Master_Stop *****************
 Defined at:
		line 55 in file "I2C.c"
 Parameters:    Size  Location     Type
		None
 Auto vars:     Size  Location     Type
		None
 Return value:  Size  Location     Type
                  1    wreg      void 
 Registers used:
		wreg, status,2, status,0, pclath, cstack
 Tracked objects:
		On entry : 
		On exit  : 
		Unchanged: 
 Data sizes:     COMMON   BANK0   BANK1   BANK3   BANK2
      Params:         0       0       0       0       0
      Locals:         0       0       0       0       0
      Temps:          0       0       0       0       0
      Totals:         0       0       0       0       0
Total ram usage:        0 bytes
 Hardware stack levels used:    1
 Hardware stack levels required when called:    1
 This function calls:
		_I2C_Master_Wait
 This function is called by:
		_main
 This function uses a non-reentrant model


 *************** function _I2C_Master_Start *****************
 Defined at:
		line 39 in file "I2C.c"
 Parameters:    Size  Location     Type
		None
 Auto vars:     Size  Location     Type
		None
 Return value:  Size  Location     Type
                  1    wreg      void 
 Registers used:
		wreg, status,2, status,0, pclath, cstack
 Tracked objects:
		On entry : 
		On exit  : 
		Unchanged: 
 Data sizes:     COMMON   BANK0   BANK1   BANK3   BANK2
      Params:         0       0       0       0       0
      Locals:         0       0       0       0       0
      Temps:          0       0       0       0       0
      Totals:         0       0       0       0       0
Total ram usage:        0 bytes
 Hardware stack levels used:    1
 Hardware stack levels required when called:    1
 This function calls:
		_I2C_Master_Wait
 This function is called by:
		_main
 This function uses a non-reentrant model


 *************** function _I2C_Master_Read *****************
 Defined at:
		line 74 in file "I2C.c"
 Parameters:    Size  Location     Type
  a               2    0[COMMON] unsigned short 
 Auto vars:     Size  Location     Type
  temp            2    4[COMMON] unsigned short 
 Return value:  Size  Location     Type
                  2    0[COMMON] unsigned short 
 Registers used:
		wreg, status,2, status,0, pclath, cstack
 Tracked objects:
		On entry : 
		On exit  : 
		Unchanged: 
 Data sizes:     COMMON   BANK0   BANK1   BANK3   BANK2
      Params:         2       0       0       0       0
      Locals:         2       0       0       0       0
      Temps:          2       0       0       0       0
      Totals:         6       0       0       0       0
Total ram usage:        6 bytes
 Hardware stack levels used:    1
 Hardware stack levels required when called:    1
 This function calls:
		_I2C_Master_Wait
 This function is called by:
		_main
 This function uses a non-reentrant model


 *************** function _I2C_Master_Wait *****************
 Defined at:
		line 32 in file "I2C.c"
 Parameters:    Size  Location     Type
		None
 Auto vars:     Size  Location     Type
		None
 Return value:  Size  Location     Type
                  1    wreg      void 
 Registers used:
		wreg, status,2
 Tracked objects:
		On entry : 
		On exit  : 
		Unchanged: 
 Data sizes:     COMMON   BANK0   BANK1   BANK3   BANK2
      Params:         0       0       0       0       0
      Locals:         0       0       0       0       0
      Temps:          0       0       0       0       0
      Totals:         0       0       0       0       0
Total ram usage:        0 bytes
 Hardware stack levels used:    1
 This function calls:
		Nothing
 This function is called by:
		_I2C_Master_Start
		_I2C_Master_Stop
		_I2C_Master_Write
		_I2C_Master_Read
		_I2C_Master_RepeatedStart
 This function uses a non-reentrant model



MODULE INFORMATION

Module		Function		Class		Link	Load	Size
C:\Program Files (x86)\Microchip\xc8\v2.10\pic\sources\c90\common\fleq.c
		___fleq        		CODE           	1E2E	0000	81

C:\Program Files (x86)\Microchip\xc8\v2.10\pic\sources\c90\common\fleq.c estimated size: 81

C:\Program Files (x86)\Microchip\xc8\v2.10\pic\sources\c90\common\log.c
		_log           		CODE           	0873	0000	349

C:\Program Files (x86)\Microchip\xc8\v2.10\pic\sources\c90\common\log.c estimated size: 349

C:\Program Files (x86)\Microchip\xc8\v2.10\pic\sources\c90\common\lwdiv.c
		___lwdiv       		CODE           	1D4F	0000	69

C:\Program Files (x86)\Microchip\xc8\v2.10\pic\sources\c90\common\lwdiv.c estimated size: 69

C:\Program Files (x86)\Microchip\xc8\v2.10\pic\sources\c90\common\awdiv.c
		___awdiv       		CODE           	1F99	0000	104

C:\Program Files (x86)\Microchip\xc8\v2.10\pic\sources\c90\common\awdiv.c estimated size: 104

C:\Program Files (x86)\Microchip\xc8\v2.10\pic\sources\c90\common\fltol.c
		___fltol       		CODE           	10BB	0000	123

C:\Program Files (x86)\Microchip\xc8\v2.10\pic\sources\c90\common\fltol.c estimated size: 123

C:\Program Files (x86)\Microchip\xc8\v2.10\pic\sources\c90\common\evalpoly.c
		_eval_poly     		CODE           	1469	0000	219

C:\Program Files (x86)\Microchip\xc8\v2.10\pic\sources\c90\common\evalpoly.c estimated size: 219

C:\Program Files (x86)\Microchip\xc8\v2.10\pic\sources\c90\common\pow.c
		_pow           		CODE           	001D	0000	462

C:\Program Files (x86)\Microchip\xc8\v2.10\pic\sources\c90\common\pow.c estimated size: 462

I2C.c
		_I2C_Master_Read		CODE           	1CAF	0000	47
		_I2C_Master_Wait		CODE           	1BE6	0000	14
		_I2C_Master_Init		CODE           	1CDD	0000	57
		_I2C_Master_Stop		CODE           	1BC8	0000	10
		_I2C_Master_Write		CODE           	1BD1	0000	11
		_I2C_Master_Start		CODE           	1BBF	0000	10

I2C.c estimated size: 149

C:\Program Files (x86)\Microchip\xc8\v2.10\pic\sources\c90\common\itoa.c
		_itoa          		CODE           	1C35	0000	39
		_utoa          		CODE           	0801	0000	115

C:\Program Files (x86)\Microchip\xc8\v2.10\pic\sources\c90\common\itoa.c estimated size: 154

C:\Program Files (x86)\Microchip\xc8\v2.10\pic\sources\c90\common\sprcmul.c
		___flmul       		CODE           	048A	0000	866

C:\Program Files (x86)\Microchip\xc8\v2.10\pic\sources\c90\common\sprcmul.c estimated size: 866

C:\Program Files (x86)\Microchip\xc8\v2.10\pic\sources\c90\common\Umul8_16.c
		__Umul8_16     		CODE           	1C5B	0000	40

C:\Program Files (x86)\Microchip\xc8\v2.10\pic\sources\c90\common\Umul8_16.c estimated size: 40

C:\Program Files (x86)\Microchip\xc8\v2.10\pic\sources\c90\common\__lldiv.c
		___lldiv       		CODE           	1F33	0000	103

C:\Program Files (x86)\Microchip\xc8\v2.10\pic\sources\c90\common\__lldiv.c estimated size: 103

./LCD2.h
		_lee2          		CODE           	1253	0000	166
		_Dtr           		CODE           	1043	0000	121
		_com           		CODE           	1C00	0000	22
		_word          		CODE           	1001	0000	67
		_ftoa2         		CODE           	09CF	0000	389
		_lcd_clear     		CODE           	1BF3	0000	14
		_port          		CODE           	1BB1	0000	7
		_cur           		CODE           	1C82	0000	46
		_letra         		CODE           	0007	0000	23
		_reverse       		CODE           	1D93	0000	76
		_lee1          		CODE           	12F8	0000	182
		_lcd_init      		CODE           	1135	0000	125

./LCD2.h estimated size: 1238

C:\Program Files (x86)\Microchip\xc8\v2.10\pic\sources\c90\common\sprcdiv.c
		___fldiv       		CODE           	01EA	0000	673

C:\Program Files (x86)\Microchip\xc8\v2.10\pic\sources\c90\common\sprcdiv.c estimated size: 673

C:\Program Files (x86)\Microchip\xc8\v2.10\pic\sources\c90\common\flneg.c
		___flneg       		CODE           	1BDB	0000	12

C:\Program Files (x86)\Microchip\xc8\v2.10\pic\sources\c90\common\flneg.c estimated size: 12

C:\Program Files (x86)\Microchip\xc8\v2.10\pic\sources\c90\common\flge.c
		___flge        		CODE           	11B1	0000	163

C:\Program Files (x86)\Microchip\xc8\v2.10\pic\sources\c90\common\flge.c estimated size: 163

C:\Program Files (x86)\Microchip\xc8\v2.10\pic\sources\c90\common\xxtofl.c
		___xxtofl      		CODE           	13AD	0000	189

C:\Program Files (x86)\Microchip\xc8\v2.10\pic\sources\c90\common\xxtofl.c estimated size: 189

MasterPapu.c
		_main          		CODE           	1543	0000	225
		_setup         		CODE           	1C15	0000	33

MasterPapu.c estimated size: 258

shared
		exp@coeff      		STRING         	1810	0000	41
		__stringtab    		STRING         	1800	0000	17
		__initialization		CODE           	07EB	0000	18
		log@coeff      		STRING         	1838	0000	37

shared estimated size: 113

C:\Program Files (x86)\Microchip\xc8\v2.10\pic\sources\c90\common\lwmod.c
		___lwmod       		CODE           	1D15	0000	59

C:\Program Files (x86)\Microchip\xc8\v2.10\pic\sources\c90\common\lwmod.c estimated size: 59

C:\Program Files (x86)\Microchip\xc8\v2.10\pic\sources\c90\common\awmod.c
		___awmod       		CODE           	1E7E	0000	90

C:\Program Files (x86)\Microchip\xc8\v2.10\pic\sources\c90\common\awmod.c estimated size: 90

C:\Program Files (x86)\Microchip\xc8\v2.10\pic\sources\c90\common\exp.c
		_exp           		CODE           	0B53	0000	550

C:\Program Files (x86)\Microchip\xc8\v2.10\pic\sources\c90\common\exp.c estimated size: 550

C:\Program Files (x86)\Microchip\xc8\v2.10\pic\sources\c90\common\sprcadd.c
		___flsub       		CODE           	1DDE	0000	81
		___fladd       		CODE           	0D78	0000	649

C:\Program Files (x86)\Microchip\xc8\v2.10\pic\sources\c90\common\sprcadd.c estimated size: 730

C:\Program Files (x86)\Microchip\xc8\v2.10\pic\sources\c90\common\frexp.c
		_ldexp         		CODE           	1623	0000	229
		_frexp         		CODE           	1ED7	0000	93

C:\Program Files (x86)\Microchip\xc8\v2.10\pic\sources\c90\common\frexp.c estimated size: 322

C:\Program Files (x86)\Microchip\xc8\v2.10\pic\sources\c90\common\floor.c
		_floor         		CODE           	1707	0000	250

C:\Program Files (x86)\Microchip\xc8\v2.10\pic\sources\c90\common\floor.c estimated size: 250

