Microchip MPLAB XC8 Compiler V2.10 ()

Linker command line:

-W-3 --edf=C:\Program Files (x86)\Microchip\xc8\v2.10\pic\dat\en_msgs.txt \
  -cs -h+dist/default/production\lab4slave.X.production.sym \
  --cmf=dist/default/production\lab4slave.X.production.cmf -z -Q16F887 \
  -oC:\Users\gerar\AppData\Local\Temp\sfns.2 --defsym=__MPLAB_BUILD=1 \
  -Mdist/default/production/lab4slave.X.production.map -E1 -ver=XC8 \
  --acfsm=1493 -ASTACK=0110h-016Fh -pstack=STACK -ACODE=00h-07FFhx4 \
  -ASTRCODE=00h-01FFFh -ASTRING=00h-0FFhx32 -ACONST=00h-0FFhx32 \
  -AENTRY=00h-0FFhx32 -ACOMMON=070h-07Fh -ABANK0=020h-06Fh \
  -ABANK1=0A0h-0EFh -ABANK2=0110h-016Fh -ABANK3=0190h-01EFh \
  -ARAM=020h-06Fh,0A0h-0EFh,0110h-016Fh,0190h-01EFh \
  -AABS1=020h-07Fh,0A0h-0EFh,0110h-016Fh,0190h-01EFh -ASFR0=00h-01Fh \
  -ASFR1=080h-09Fh -ASFR2=0100h-010Fh -ASFR3=0180h-018Fh \
  -preset_vec=00h,intentry,init,end_init -ppowerup=CODE -pcinit=CODE \
  -pfunctab=ENTRY -ACONFIG=02007h-02008h -pconfig=CONFIG -DCONFIG=2 \
  -AIDLOC=02000h-02003h -pidloc=IDLOC -DIDLOC=2 -AEEDATA=00h-0FFh/02100h \
  -peeprom_data=EEDATA -DEEDATA=2 -DCODE=2 -DSTRCODE=2 -DSTRING=2 -DCONST=2 \
  -DENTRY=2 -k C:\Users\gerar\AppData\Local\Temp\sfns.o \
  dist/default/production\lab4slave.X.production.o 

Object code version is 3.11

Machine type is 16F887



                Name                               Link     Load   Length Selector   Space Scale
C:\Users\gerar\AppData\Local\Temp\sfns.o
                end_init                              0        0        3        0       0
                config                             2007     2007        2     400E       0
dist/default/production\lab4slave.X.production.o
                cinit                               7F8      7F8        8      FF0       0
                text5                               726      726       16      E4C       0
                text4                               73C      73C       2D      E78       0
                text3                               716      716        7      E2C       0
                text2                               71D      71D        9      E3A       0
                text1                               710      710        6      E20       0
                maintext                            769      769       8F      ED2       0
                cstackCOMMON                         70       70        7       70       1
                bssCOMMON                            77       77        4       70       1

TOTAL           Name                               Link     Load   Length     Space
        CLASS   STACK          

        CLASS   CODE           
                end_init                              0        0        3         0
                cinit                               7F8      7F8        8         0
                text5                               726      726       16         0
                text4                               73C      73C       2D         0
                text3                               716      716        7         0
                text2                               71D      71D        9         0
                text1                               710      710        6         0
                maintext                            769      769       8F         0

        CLASS   STRCODE        

        CLASS   STRING         

        CLASS   CONST          

        CLASS   ENTRY          

        CLASS   COMMON         
                cstackCOMMON                         70       70        7         1
                bssCOMMON                            77       77        4         1

        CLASS   BANK0          

        CLASS   BANK1          

        CLASS   BANK2          

        CLASS   BANK3          

        CLASS   RAM            

        CLASS   ABS1           
                abs_s1                               7E       7E        2         1

        CLASS   SFR0           

        CLASS   SFR1           

        CLASS   SFR2           

        CLASS   SFR3           

        CLASS   CONFIG         
                config                             2007     2007        2         0

        CLASS   IDLOC          

        CLASS   EEDATA         



SEGMENTS        Name                           Load    Length   Top    Selector   Space  Class     Delta

                reset_vec                      000000  000003  000003         0       0  CODE        2
                cstackCOMMON                   000070  00000B  00007B        70       1  COMMON      1
                text1                          000710  000006  000716       E20       0  CODE        2
                text3                          000716  000007  00071D       E2C       0  CODE        2
                text2                          00071D  000009  000726       E3A       0  CODE        2
                text5                          000726  000016  00073C       E4C       0  CODE        2
                text4                          00073C  00002D  000769       E78       0  CODE        2
                maintext                       000769  00008F  0007F8       ED2       0  CODE        2
                cinit                          0007F8  000008  000800       FF0       0  CODE        2
                config                         002007  000002  002009      400E       0  CONFIG      2


UNUSED ADDRESS RANGES

        Name                Unused          Largest block    Delta
        BANK0            0020-006F             50           1
        BANK1            00A0-00EF             50           1
        BANK2            0110-016F             60           1
        BANK3            0190-01EF             60           1
        CODE             0003-070F            70D           2
                         0800-1FFF            800
        COMMON           007B-007D              3           1
        CONST            0003-070F            100           2
                         0800-1FFF            100
        EEDATA           2100-21FF            100           2
        ENTRY            0003-070F            100           2
                         0800-1FFF            100
        IDLOC            2000-2003              4           2
        RAM              0020-006F             50           1
                         00A0-00EF             50
                         0110-016F             60
                         0190-01EF             60
        SFR0             0000-001F             20           1
        SFR1             0080-009F             20           1
        SFR2             0100-010F             10           1
        SFR3             0180-018F             10           1
        STACK            0110-016F             60           1
        STRCODE          0003-070F            70D           2
                         0800-1FFF           1800
        STRING           0003-070F            100           2
                         0800-1FFF            100

                                  Symbol Table

_ADCON0bits               (abs)        001F
_ADCON1bits               (abs)        009F
_ADRESH                   (abs)        001E
_ANSEL                    (abs)        0188
_ANSELH                   (abs)        0189
_ANSELbits                (abs)        0188
_INTCONbits               (abs)        000B
_PIE1bits                 (abs)        008C
_PIR1bits                 (abs)        000C
_PORTB                    (abs)        0006
_PORTD                    (abs)        0008
_PORTE                    (abs)        0009
_SSPBUF                   (abs)        0013
_SSPCON                   (abs)        0014
_SSPSTAT                  (abs)        0094
_SSPSTATbits              (abs)        0094
_TRISAbits                (abs)        0085
_TRISB                    (abs)        0086
_TRISC3                   (abs)        043B
_TRISC5                   (abs)        043D
_TRISD                    (abs)        0088
_TRISE                    (abs)        0089
__CFG_BOR4V$BOR40V        (abs)        0000
__CFG_BOREN$OFF           (abs)        0000
__CFG_CP$OFF              (abs)        0000
__CFG_CPD$OFF             (abs)        0000
__CFG_FCMEN$OFF           (abs)        0000
__CFG_FOSC$INTRC_NOCLKOUT (abs)        0000
__CFG_IESO$OFF            (abs)        0000
__CFG_LVP$OFF             (abs)        0000
__CFG_MCLRE$OFF           (abs)        0000
__CFG_PWRTE$OFF           (abs)        0000
__CFG_WDTE$OFF            (abs)        0000
__CFG_WRT$OFF             (abs)        0000
__Habs1                   abs1         0000
__Hbank0                  bank0        0000
__Hbank1                  bank1        0000
__Hbank2                  bank2        0000
__Hbank3                  bank3        0000
__HbssCOMMON              bssCOMMON    0000
__Hcinit                  cinit        0800
__Hclrtext                clrtext      0000
__Hcode                   code         0000
__Hcommon                 common       0000
__Hconfig                 config       2009
__HcstackCOMMON           cstackCOMMON 0000
__Heeprom_data            eeprom_data  0000
__Hend_init               end_init     0003
__Hfunctab                functab      0000
__Hidloc                  idloc        0000
__Hinit                   init         0000
__Hintentry               intentry     0000
__Hmaintext               maintext     0000
__Hpowerup                powerup      0000
__Hram                    ram          0000
__Hreset_vec              reset_vec    0000
__Hsfr0                   sfr0         0000
__Hsfr1                   sfr1         0000
__Hsfr2                   sfr2         0000
__Hsfr3                   sfr3         0000
__Hspace_0                (abs)        2009
__Hspace_1                (abs)        007B
__Hspace_2                (abs)        0000
__Hspace_3                (abs)        0000
__Hstack                  stack        0000
__Hstrings                strings      0000
__Htext                   text         0000
__Labs1                   abs1         0000
__Lbank0                  bank0        0000
__Lbank1                  bank1        0000
__Lbank2                  bank2        0000
__Lbank3                  bank3        0000
__LbssCOMMON              bssCOMMON    0000
__Lcinit                  cinit        07F8
__Lclrtext                clrtext      0000
__Lcode                   code         0000
__Lcommon                 common       0000
__Lconfig                 config       2007
__LcstackCOMMON           cstackCOMMON 0000
__Leeprom_data            eeprom_data  0000
__Lend_init               end_init     0000
__Lfunctab                functab      0000
__Lidloc                  idloc        0000
__Linit                   init         0000
__Lintentry               intentry     0000
__Lmaintext               maintext     0000
__Lpowerup                powerup      0000
__Lram                    ram          0000
__Lreset_vec              reset_vec    0000
__Lsfr0                   sfr0         0000
__Lsfr1                   sfr1         0000
__Lsfr2                   sfr2         0000
__Lsfr3                   sfr3         0000
__Lspace_0                (abs)        0000
__Lspace_1                (abs)        0000
__Lspace_2                (abs)        0000
__Lspace_3                (abs)        0000
__Lstack                  stack        0000
__Lstrings                strings      0000
__Ltext                   text         0000
__S0                      (abs)        2009
__S1                      (abs)        007B
__S2                      (abs)        0000
__S3                      (abs)        0000
___int_sp                 stack        0000
___latbits                (abs)        0002
___sp                     stack        0000
___stackhi                (abs)        0000
___stacklo                (abs)        0000
__end_of__initialization  cinit        07FC
__end_of_main             maintext     07F8
__end_of_setup            text4        0769
__end_of_spiInit          text5        073C
__end_of_spiRead          text2        0726
__end_of_spiReceiveWait   text3        071D
__end_of_spiWrite         text1        0716
__initialization          cinit        07F8
__pbssCOMMON              bssCOMMON    0077
__pcstackCOMMON           cstackCOMMON 0070
__pmaintext               maintext     0769
__ptext1                  text1        0710
__ptext2                  text2        071D
__ptext3                  text3        0716
__ptext4                  text4        073C
__ptext5                  text5        0726
__size_of_main            (abs)        0000
__size_of_setup           (abs)        0000
__size_of_spiInit         (abs)        0000
__size_of_spiRead         (abs)        0000
__size_of_spiReceiveWait  (abs)        0000
__size_of_spiWrite        (abs)        0000
_coso                     bssCOMMON    007A
_coso2                    bssCOMMON    0079
_main                     maintext     0769
_setup                    text4        073C
_spiInit                  text5        0726
_spiRead                  text2        071D
_spiReceiveWait           text3        0716
_spiWrite                 text1        0710
_valor                    bssCOMMON    0077
_valor2                   bssCOMMON    0078
btemp                     (abs)        007E
end_of_initialization     cinit        07FC
intlevel0                 functab      0000
intlevel1                 functab      0000
intlevel2                 functab      0000
intlevel3                 functab      0000
intlevel4                 functab      0000
intlevel5                 functab      0000
reset_vec                 reset_vec    0000
spiInit@sClockIdle        cstackCOMMON 0071
spiInit@sDataSample       cstackCOMMON 0070
spiInit@sTransmitEdge     cstackCOMMON 0072
spiInit@sType             cstackCOMMON 0073
spiWrite@dat              cstackCOMMON 0070
start                     init         0000
start_initialization      cinit        07F8
wtemp0                    (abs)        007E


FUNCTION INFORMATION:

 *************** function _main *****************
 Defined at:
		line 58 in file "slave4.c"
 Parameters:    Size  Location     Type
		None
 Auto vars:     Size  Location     Type
		None
 Return value:  Size  Location     Type
                  1    wreg      void 
 Registers used:
		wreg, status,2, status,0, pclath, cstack
 Tracked objects:
		On entry : 
		On exit  : 
		Unchanged: 
 Data sizes:     COMMON   BANK0   BANK1   BANK3   BANK2
      Params:         0       0       0       0       0
      Locals:         0       0       0       0       0
      Temps:          3       0       0       0       0
      Totals:         3       0       0       0       0
Total ram usage:        3 bytes
 Hardware stack levels required when called:    2
 This function calls:
		_setup
		_spiRead
		_spiWrite
 This function is called by:
		Startup code after reset
 This function uses a non-reentrant model


 *************** function _spiWrite *****************
 Defined at:
		line 34 in file "SPI.c"
 Parameters:    Size  Location     Type
  dat             1    wreg     unsigned char 
 Auto vars:     Size  Location     Type
  dat             1    0[COMMON] unsigned char 
 Return value:  Size  Location     Type
                  1    wreg      void 
 Registers used:
		wreg
 Tracked objects:
		On entry : 
		On exit  : 
		Unchanged: 
 Data sizes:     COMMON   BANK0   BANK1   BANK3   BANK2
      Params:         0       0       0       0       0
      Locals:         1       0       0       0       0
      Temps:          0       0       0       0       0
      Totals:         1       0       0       0       0
Total ram usage:        1 bytes
 Hardware stack levels used:    1
 This function calls:
		Nothing
 This function is called by:
		_main
 This function uses a non-reentrant model


 *************** function _spiRead *****************
 Defined at:
		line 47 in file "SPI.c"
 Parameters:    Size  Location     Type
		None
 Auto vars:     Size  Location     Type
		None
 Return value:  Size  Location     Type
                  1    wreg      unsigned char 
 Registers used:
		wreg, status,2, status,0, pclath, cstack
 Tracked objects:
		On entry : 
		On exit  : 
		Unchanged: 
 Data sizes:     COMMON   BANK0   BANK1   BANK3   BANK2
      Params:         0       0       0       0       0
      Locals:         0       0       0       0       0
      Temps:          0       0       0       0       0
      Totals:         0       0       0       0       0
Total ram usage:        0 bytes
 Hardware stack levels used:    1
 Hardware stack levels required when called:    1
 This function calls:
		_spiReceiveWait
 This function is called by:
		_main
 This function uses a non-reentrant model


 *************** function _spiReceiveWait *****************
 Defined at:
		line 29 in file "SPI.c"
 Parameters:    Size  Location     Type
		None
 Auto vars:     Size  Location     Type
		None
 Return value:  Size  Location     Type
                  1    wreg      void 
 Registers used:
		None
 Tracked objects:
		On entry : 
		On exit  : 
		Unchanged: 
 Data sizes:     COMMON   BANK0   BANK1   BANK3   BANK2
      Params:         0       0       0       0       0
      Locals:         0       0       0       0       0
      Temps:          0       0       0       0       0
      Totals:         0       0       0       0       0
Total ram usage:        0 bytes
 Hardware stack levels used:    1
 This function calls:
		Nothing
 This function is called by:
		_spiRead
 This function uses a non-reentrant model


 *************** function _setup *****************
 Defined at:
		line 111 in file "slave4.c"
 Parameters:    Size  Location     Type
		None
 Auto vars:     Size  Location     Type
		None
 Return value:  Size  Location     Type
                  1    wreg      void 
 Registers used:
		wreg, status,2, status,0, pclath, cstack
 Tracked objects:
		On entry : 
		On exit  : 
		Unchanged: 
 Data sizes:     COMMON   BANK0   BANK1   BANK3   BANK2
      Params:         0       0       0       0       0
      Locals:         0       0       0       0       0
      Temps:          0       0       0       0       0
      Totals:         0       0       0       0       0
Total ram usage:        0 bytes
 Hardware stack levels used:    1
 Hardware stack levels required when called:    1
 This function calls:
		_spiInit
 This function is called by:
		_main
 This function uses a non-reentrant model


 *************** function _spiInit *****************
 Defined at:
		line 12 in file "SPI.c"
 Parameters:    Size  Location     Type
  sType           1    wreg     enum E1264
  sDataSample     1    0[COMMON] enum E1272
  sClockIdle      1    1[COMMON] enum E1276
  sTransmitEdg    1    2[COMMON] enum E1280
 Auto vars:     Size  Location     Type
  sType           1    3[COMMON] enum E1264
 Return value:  Size  Location     Type
                  1    wreg      void 
 Registers used:
		wreg, status,2, status,0
 Tracked objects:
		On entry : 
		On exit  : 
		Unchanged: 
 Data sizes:     COMMON   BANK0   BANK1   BANK3   BANK2
      Params:         3       0       0       0       0
      Locals:         1       0       0       0       0
      Temps:          0       0       0       0       0
      Totals:         4       0       0       0       0
Total ram usage:        4 bytes
 Hardware stack levels used:    1
 This function calls:
		Nothing
 This function is called by:
		_setup
 This function uses a non-reentrant model



MODULE INFORMATION

Module		Function		Class		Link	Load	Size
shared
		__initialization		CODE           	07F8	0000	5

shared estimated size: 5

slave4.c
		_main          		CODE           	0769	0000	144
		_setup         		CODE           	073C	0000	46

slave4.c estimated size: 190

SPI.c
		_spiWrite      		CODE           	0710	0000	7
		_spiInit       		CODE           	0726	0000	23
		_spiReceiveWait		CODE           	0716	0000	8
		_spiRead       		CODE           	071D	0000	10

SPI.c estimated size: 48

