Microchip MPLAB XC8 Compiler V2.10 ()

Linker command line:

-W-3 --edf=C:\Program Files (x86)\Microchip\xc8\v2.10\pic\dat\en_msgs.txt \
  -cs -h+dist/default/production\Lab5S3.X.production.sym \
  --cmf=dist/default/production\Lab5S3.X.production.cmf -z -Q16F887 \
  -oC:\Users\gerar\AppData\Local\Temp\s24s.2 --defsym=__MPLAB_BUILD=1 \
  -Mdist/default/production/Lab5S3.X.production.map -E1 -ver=XC8 \
  --acfsm=1493 -ASTACK=0110h-016Fh -pstack=STACK -ACODE=00h-07FFhx4 \
  -ASTRCODE=00h-01FFFh -ASTRING=00h-0FFhx32 -ACONST=00h-0FFhx32 \
  -AENTRY=00h-0FFhx32 -ACOMMON=070h-07Fh -ABANK0=020h-06Fh \
  -ABANK1=0A0h-0EFh -ABANK2=0110h-016Fh -ABANK3=0190h-01EFh \
  -ARAM=020h-06Fh,0A0h-0EFh,0110h-016Fh,0190h-01EFh \
  -AABS1=020h-07Fh,0A0h-0EFh,0110h-016Fh,0190h-01EFh -ASFR0=00h-01Fh \
  -ASFR1=080h-09Fh -ASFR2=0100h-010Fh -ASFR3=0180h-018Fh \
  -preset_vec=00h,intentry=04h,init,end_init -ppowerup=CODE -pcinit=CODE \
  -pfunctab=ENTRY -ACONFIG=02007h-02008h -pconfig=CONFIG -DCONFIG=2 \
  -AIDLOC=02000h-02003h -pidloc=IDLOC -DIDLOC=2 -AEEDATA=00h-0FFh/02100h \
  -peeprom_data=EEDATA -DEEDATA=2 -DCODE=2 -DSTRCODE=2 -DSTRING=2 -DCONST=2 \
  -DENTRY=2 -k C:\Users\gerar\AppData\Local\Temp\s24s.o \
  dist/default/production\Lab5S3.X.production.o 

Object code version is 3.11

Machine type is 16F887



                Name                               Link     Load   Length Selector   Space Scale
C:\Users\gerar\AppData\Local\Temp\s24s.o
                end_init                              C        C        3        8       0
                reset_vec                             0        0        3        0       0
                config                             2007     2007        2     400E       0
dist/default/production\Lab5S3.X.production.o
                cinit                                 F        F       23        8       0
                intentry                              4        4        8        8       0
                text12                              16E      16E       6C        8       0
                text11                              239      239       46        8       0
                text10                              27F      27F       3C        8       0
                text9                               2BB      2BB       27        8       0
                text8                               32E      32E       22        8       0
                text7                               308      308       26        8       0
                text6                               2E2      2E2       26        8       0
                text5                               370      370       1D        8       0
                text4                               350      350       20        8       0
                text3                               1DA      1DA       5F        8       0
                text2                               38D      38D       1A        8       0
                text1                               3D2      3D2        E        8       0
                maintext                             32       32      13C        8       0
                cstackBANK0                          38       38       15       20       1
                cstackCOMMON                         70       70        6       70       1
                inittext                            3BF      3BF       13        8       0
                dataBANK0                            20       20       18       20       1
                bssBANK0                             4D       4D        D       20       1
                bssCOMMON                            76       76        3       70       1
                bitbssCOMMON                        3C8       79        1       70       1     8
                idataBANK0                          3A7      3A7       18        8       0

TOTAL           Name                               Link     Load   Length     Space
        CLASS   STACK          

        CLASS   CODE           
                end_init                              C        C        3         0
                cinit                                 F        F       23         0
                intentry                              4        4        8         0
                reset_vec                             0        0        3         0
                text12                              16E      16E       6C         0
                text11                              239      239       46         0
                text10                              27F      27F       3C         0
                text9                               2BB      2BB       27         0
                text8                               32E      32E       22         0
                text7                               308      308       26         0
                text6                               2E2      2E2       26         0
                text5                               370      370       1D         0
                text4                               350      350       20         0
                text3                               1DA      1DA       5F         0
                text2                               38D      38D       1A         0
                text1                               3D2      3D2        E         0
                maintext                             32       32      13C         0
                inittext                            3BF      3BF       13         0
                idataBANK0                          3A7      3A7       18         0

        CLASS   STRCODE        

        CLASS   STRING         

        CLASS   CONST          

        CLASS   ENTRY          

        CLASS   COMMON         
                cstackCOMMON                         70       70        6         1
                bssCOMMON                            76       76        3         1
                bitbssCOMMON                        3C8       79        1         1

        CLASS   BANK0          
                cstackBANK0                          38       38       15         1
                dataBANK0                            20       20       18         1
                bssBANK0                             4D       4D        D         1

        CLASS   BANK1          

        CLASS   BANK2          

        CLASS   BANK3          

        CLASS   RAM            

        CLASS   ABS1           
                abs_s1                               7E       7E        2         1

        CLASS   SFR0           

        CLASS   SFR1           

        CLASS   SFR2           

        CLASS   SFR3           

        CLASS   CONFIG         
                config                             2007     2007        2         0

        CLASS   IDLOC          

        CLASS   EEDATA         



SEGMENTS        Name                           Load    Length   Top    Selector   Space  Class     Delta

                reset_vec                      000000  000003  000003         0       0  CODE        2
                intentry                       000004  0003DC  0003E0         8       0  CODE        2
                dataBANK0                      000020  00003A  00005A        20       1  BANK0       1
                cstackCOMMON                   000070  00000A  00007A        70       1  COMMON      1
                config                         002007  000002  002009      400E       0  CONFIG      2


UNUSED ADDRESS RANGES

        Name                Unused          Largest block    Delta
        BANK0            005A-006F             16           1
        BANK1            00A0-00EF             50           1
        BANK2            0110-016F             60           1
        BANK3            0190-01EF             60           1
        CODE             0003-0003              1           2
                         03E0-1FFF            800
        COMMON           007A-007D              4           1
        CONST            0003-0003              1           2
                         03E0-1FFF            100
        EEDATA           2100-21FF            100           2
        ENTRY            0003-0003              1           2
                         03E0-1FFF            100
        IDLOC            2000-2003              4           2
        RAM              005A-006F             16           1
                         00A0-00EF             50
                         0110-016F             60
                         0190-01EF             60
        SFR0             0000-001F             20           1
        SFR1             0080-009F             20           1
        SFR2             0100-010F             10           1
        SFR3             0180-018F             10           1
        STACK            0110-016F             60           1
        STRCODE          0003-0003              1           2
                         03E0-1FFF           1C20
        STRING           0003-0003              1           2
                         03E0-1FFF            100

                                  Symbol Table

?___lwdiv                    cstackBANK0  003C
?___lwmod                    cstackBANK0  0044
?___wmul                     cstackBANK0  0038
I2C_Slave_Init@address       cstackCOMMON 0074
_ANSELH                      (abs)        0189
_BF                          (abs)        04A0
_GIE                         (abs)        005F
_I2C_Slave_Init              text2        038D
_OSCCON                      (abs)        008F
_PEIE                        (abs)        005E
_PIR1bits                    (abs)        000C
_PORTD                       (abs)        0008
_PORTDbits                   (abs)        0008
_RB1                         (abs)        0031
_SSPADD                      (abs)        0093
_SSPBUF                      (abs)        0013
_SSPCON                      (abs)        0014
_SSPCON2                     (abs)        0091
_SSPCON2bits                 (abs)        0091
_SSPCONbits                  (abs)        0014
_SSPIE                       (abs)        0463
_SSPIF                       (abs)        0063
_SSPSTAT                     (abs)        0094
_SSPSTATbits                 (abs)        0094
_TRISB                       (abs)        0086
_TRISB1                      (abs)        0431
_TRISCbits                   (abs)        0087
_TRISDbits                   (abs)        0088
__CFG_BOR4V$BOR40V           (abs)        0000
__CFG_BOREN$OFF              (abs)        0000
__CFG_CP$OFF                 (abs)        0000
__CFG_CPD$OFF                (abs)        0000
__CFG_DEBUG$OFF              (abs)        0000
__CFG_FCMEN$ON               (abs)        0000
__CFG_FOSC$INTRC_NOCLKOUT    (abs)        0000
__CFG_IESO$ON                (abs)        0000
__CFG_LVP$OFF                (abs)        0000
__CFG_MCLRE$OFF              (abs)        0000
__CFG_PWRTE$OFF              (abs)        0000
__CFG_WDTE$OFF               (abs)        0000
__CFG_WRT$OFF                (abs)        0000
__Habs1                      abs1         0000
__Hbank0                     bank0        0000
__Hbank1                     bank1        0000
__Hbank2                     bank2        0000
__Hbank3                     bank3        0000
__HbitbssCOMMON              bitbssCOMMON 0000
__HbssBANK0                  bssBANK0     0000
__HbssCOMMON                 bssCOMMON    0000
__Hcinit                     cinit        0032
__Hclrtext                   clrtext      0000
__Hcode                      code         0000
__Hcommon                    common       0000
__Hconfig                    config       2009
__HcstackBANK0               cstackBANK0  0000
__HcstackCOMMON              cstackCOMMON 0000
__HdataBANK0                 dataBANK0    0000
__Heeprom_data               eeprom_data  0000
__Hend_init                  end_init     000F
__Hfunctab                   functab      0000
__HidataBANK0                idataBANK0   0000
__Hidloc                     idloc        0000
__Hinit                      init         000C
__Hinittext                  inittext     0000
__Hintentry                  intentry     000C
__Hmaintext                  maintext     0000
__Hpowerup                   powerup      0000
__Hram                       ram          0000
__Hreset_vec                 reset_vec    0003
__Hsfr0                      sfr0         0000
__Hsfr1                      sfr1         0000
__Hsfr2                      sfr2         0000
__Hsfr3                      sfr3         0000
__Hspace_0                   (abs)        2009
__Hspace_1                   (abs)        03C9
__Hspace_2                   (abs)        0000
__Hspace_3                   (abs)        0000
__Hstack                     stack        0000
__Hstrings                   strings      0000
__Htext                      text         0000
__Labs1                      abs1         0000
__Lbank0                     bank0        0000
__Lbank1                     bank1        0000
__Lbank2                     bank2        0000
__Lbank3                     bank3        0000
__LbitbssCOMMON              bitbssCOMMON 0000
__LbssBANK0                  bssBANK0     0000
__LbssCOMMON                 bssCOMMON    0000
__Lcinit                     cinit        000F
__Lclrtext                   clrtext      0000
__Lcode                      code         0000
__Lcommon                    common       0000
__Lconfig                    config       2007
__LcstackBANK0               cstackBANK0  0000
__LcstackCOMMON              cstackCOMMON 0000
__LdataBANK0                 dataBANK0    0000
__Leeprom_data               eeprom_data  0000
__Lend_init                  end_init     000C
__Lfunctab                   functab      0000
__LidataBANK0                idataBANK0   0000
__Lidloc                     idloc        0000
__Linit                      init         000C
__Linittext                  inittext     0000
__Lintentry                  intentry     0004
__Lmaintext                  maintext     0000
__Lpowerup                   powerup      0000
__Lram                       ram          0000
__Lreset_vec                 reset_vec    0000
__Lsfr0                      sfr0         0000
__Lsfr1                      sfr1         0000
__Lsfr2                      sfr2         0000
__Lsfr3                      sfr3         0000
__Lspace_0                   (abs)        0000
__Lspace_1                   (abs)        0000
__Lspace_2                   (abs)        0000
__Lspace_3                   (abs)        0000
__Lstack                     stack        0000
__Lstrings                   strings      0000
__Ltext                      text         0000
__S0                         (abs)        2009
__S1                         (abs)        007A
__S2                         (abs)        0000
__S3                         (abs)        0000
___int_sp                    stack        0000
___latbits                   (abs)        0002
___lwdiv                     text11       0239
___lwdiv@counter             cstackBANK0  0043
___lwdiv@dividend            cstackBANK0  003E
___lwdiv@divisor             cstackBANK0  003C
___lwdiv@quotient            cstackBANK0  0041
___lwmod                     text10       027F
___lwmod@counter             cstackBANK0  0049
___lwmod@dividend            cstackBANK0  0046
___lwmod@divisor             cstackBANK0  0044
___sp                        stack        0000
___stackhi                   (abs)        0000
___stacklo                   (abs)        0000
___wmul                      text9        02BB
___wmul@multiplicand         cstackBANK0  003A
___wmul@multiplier           cstackBANK0  0038
___wmul@product              cstackCOMMON 0074
__end_of_I2C_Slave_Init      text2        03A7
__end_of___lwdiv             text11       027F
__end_of___lwmod             text10       02BB
__end_of___wmul              text9        02E2
__end_of__initialization     cinit        002E
__end_of_ds18b20_read        text3        0239
__end_of_ds18b20_read_bit    text8        0350
__end_of_ds18b20_read_byte   text7        032E
__end_of_ds18b20_start       text6        0308
__end_of_ds18b20_write_bit   text5        038D
__end_of_ds18b20_write_byte  text4        0370
__end_of_isr                 text12       01DA
__end_of_main                maintext     016E
__end_of_setup               text1        03E0
__initialization             cinit        000F
__pbitbssCOMMON              bitbssCOMMON 03C8
__pbssBANK0                  bssBANK0     004D
__pbssCOMMON                 bssCOMMON    0076
__pcstackBANK0               cstackBANK0  0038
__pcstackCOMMON              cstackCOMMON 0070
__pdataBANK0                 dataBANK0    0020
__pidataBANK0                idataBANK0   03A7
__pintentry                  intentry     0004
__pmaintext                  maintext     0032
__ptext1                     text1        03D2
__ptext10                    text10       027F
__ptext11                    text11       0239
__ptext12                    text12       016E
__ptext2                     text2        038D
__ptext3                     text3        01DA
__ptext4                     text4        0350
__ptext5                     text5        0370
__ptext6                     text6        02E2
__ptext7                     text7        0308
__ptext8                     text8        032E
__ptext9                     text9        02BB
__size_of_I2C_Slave_Init     (abs)        0000
__size_of___lwdiv            (abs)        0000
__size_of___lwmod            (abs)        0000
__size_of___wmul             (abs)        0000
__size_of_ds18b20_read       (abs)        0000
__size_of_ds18b20_read_bit   (abs)        0000
__size_of_ds18b20_read_byte  (abs)        0000
__size_of_ds18b20_start      (abs)        0000
__size_of_ds18b20_write_bit  (abs)        0000
__size_of_ds18b20_write_byte (abs)        0000
__size_of_isr                (abs)        0000
__size_of_main               (abs)        0000
__size_of_setup              (abs)        0000
_b                           bssBANK0     0051
_ds18b20_read                text3        01DA
_ds18b20_read_bit            text8        032E
_ds18b20_read_byte           text7        0308
_ds18b20_start               text6        02E2
_ds18b20_write_bit           text5        0370
_ds18b20_write_byte          text4        0350
_isr                         text12       016E
_main                        maintext     0032
_raw_temp                    bssCOMMON    0077
_setup                       text1        03D2
_temp                        dataBANK0    002C
_temp2                       dataBANK0    0020
_z                           bssBANK0     004F
btemp                        (abs)        007E
ds18b20_read@raw_temp_value  cstackBANK0  003E
ds18b20_read_bit@value       bitbssCOMMON 03C8
ds18b20_read_byte@i          cstackBANK0  003B
ds18b20_read_byte@value      cstackBANK0  003A
ds18b20_write_bit@value      cstackCOMMON 0075
ds18b20_write_byte@i         cstackBANK0  003A
ds18b20_write_byte@value     cstackBANK0  0039
end_of_initialization        cinit        002E
init_fetch0                  inittext     03BF
init_ram0                    inittext     03C3
interrupt_function           intentry     0004
intlevel0                    functab      0000
intlevel1                    functab      0000
intlevel2                    functab      0000
intlevel3                    functab      0000
intlevel4                    functab      0000
intlevel5                    functab      0000
reset_vec                    reset_vec    0000
saved_w                      (abs)        007E
start                        init         000C
start_initialization         cinit        000F
wtemp0                       (abs)        007E


FUNCTION INFORMATION:

 *************** function _main *****************
 Defined at:
		line 178 in file "slave3f.c"
 Parameters:    Size  Location     Type
		None
 Auto vars:     Size  Location     Type
		None
 Return value:  Size  Location     Type
                  1    wreg      void 
 Registers used:
		wreg, fsr0l, fsr0h, status,2, status,0, btemp+1, pclath, cstack
 Tracked objects:
		On entry : 
		On exit  : 
		Unchanged: 
 Data sizes:     COMMON   BANK0   BANK1   BANK3   BANK2
      Params:         0       0       0       0       0
      Locals:         0       0       0       0       0
      Temps:          0       3       0       0       0
      Totals:         0       3       0       0       0
Total ram usage:        3 bytes
 Hardware stack levels required when called:    4
 This function calls:
		___lwdiv
		___lwmod
		___wmul
		_ds18b20_read
		_setup
 This function is called by:
		Startup code after reset
 This function uses a non-reentrant model


 *************** function _setup *****************
 Defined at:
		line 240 in file "slave3f.c"
 Parameters:    Size  Location     Type
		None
 Auto vars:     Size  Location     Type
		None
 Return value:  Size  Location     Type
                  1    wreg      void 
 Registers used:
		wreg, status,2, status,0, pclath, cstack
 Tracked objects:
		On entry : 
		On exit  : 
		Unchanged: 
 Data sizes:     COMMON   BANK0   BANK1   BANK3   BANK2
      Params:         0       0       0       0       0
      Locals:         0       0       0       0       0
      Temps:          0       0       0       0       0
      Totals:         0       0       0       0       0
Total ram usage:        0 bytes
 Hardware stack levels used:    1
 Hardware stack levels required when called:    2
 This function calls:
		_I2C_Slave_Init
 This function is called by:
		_main
 This function uses a non-reentrant model


 *************** function _I2C_Slave_Init *****************
 Defined at:
		line 93 in file "I3C.c"
 Parameters:    Size  Location     Type
  address         1    wreg     unsigned char 
 Auto vars:     Size  Location     Type
  address         1    4[COMMON] unsigned char 
 Return value:  Size  Location     Type
                  1    wreg      void 
 Registers used:
		wreg
 Tracked objects:
		On entry : 
		On exit  : 
		Unchanged: 
 Data sizes:     COMMON   BANK0   BANK1   BANK3   BANK2
      Params:         0       0       0       0       0
      Locals:         1       0       0       0       0
      Temps:          0       0       0       0       0
      Totals:         1       0       0       0       0
Total ram usage:        1 bytes
 Hardware stack levels used:    1
 Hardware stack levels required when called:    1
 This function calls:
		Nothing
 This function is called by:
		_setup
 This function uses a non-reentrant model


 *************** function _ds18b20_read *****************
 Defined at:
		line 153 in file "slave3f.c"
 Parameters:    Size  Location     Type
  raw_temp_val    1    wreg     PTR unsigned int 
		 -> raw_temp(2), 
 Auto vars:     Size  Location     Type
  raw_temp_val    1    6[BANK0 ] PTR unsigned int 
		 -> raw_temp(2), 
 Return value:  Size  Location     Type
		None               void
 Registers used:
		wreg, fsr0l, fsr0h, status,2, status,0, btemp+1, pclath, cstack
 Tracked objects:
		On entry : 
		On exit  : 
		Unchanged: 
 Data sizes:     COMMON   BANK0   BANK1   BANK3   BANK2
      Params:         0       0       0       0       0
      Locals:         0       1       0       0       0
      Temps:          0       2       0       0       0
      Totals:         0       3       0       0       0
Total ram usage:        3 bytes
 Hardware stack levels used:    1
 Hardware stack levels required when called:    3
 This function calls:
		_ds18b20_read_byte
		_ds18b20_start
		_ds18b20_write_byte
 This function is called by:
		_main
 This function uses a non-reentrant model


 *************** function _ds18b20_write_byte *****************
 Defined at:
		line 120 in file "slave3f.c"
 Parameters:    Size  Location     Type
  value           1    wreg     unsigned char 
 Auto vars:     Size  Location     Type
  value           1    1[BANK0 ] unsigned char 
  i               1    2[BANK0 ] unsigned char 
 Return value:  Size  Location     Type
                  1    wreg      void 
 Registers used:
		wreg, status,2, status,0, pclath, cstack
 Tracked objects:
		On entry : 
		On exit  : 
		Unchanged: 
 Data sizes:     COMMON   BANK0   BANK1   BANK3   BANK2
      Params:         0       0       0       0       0
      Locals:         0       2       0       0       0
      Temps:          0       1       0       0       0
      Totals:         0       3       0       0       0
Total ram usage:        3 bytes
 Hardware stack levels used:    1
 Hardware stack levels required when called:    2
 This function calls:
		_ds18b20_write_bit
 This function is called by:
		_ds18b20_read
 This function uses a non-reentrant model


 *************** function _ds18b20_write_bit *****************
 Defined at:
		line 107 in file "slave3f.c"
 Parameters:    Size  Location     Type
  value           1    wreg     unsigned char 
 Auto vars:     Size  Location     Type
  value           1    5[COMMON] unsigned char 
 Return value:  Size  Location     Type
                  1    wreg      void 
 Registers used:
		wreg
 Tracked objects:
		On entry : 
		On exit  : 
		Unchanged: 
 Data sizes:     COMMON   BANK0   BANK1   BANK3   BANK2
      Params:         0       0       0       0       0
      Locals:         1       0       0       0       0
      Temps:          1       0       0       0       0
      Totals:         2       0       0       0       0
Total ram usage:        2 bytes
 Hardware stack levels used:    1
 Hardware stack levels required when called:    1
 This function calls:
		Nothing
 This function is called by:
		_ds18b20_write_byte
 This function uses a non-reentrant model


 *************** function _ds18b20_start *****************
 Defined at:
		line 89 in file "slave3f.c"
 Parameters:    Size  Location     Type
		None
 Auto vars:     Size  Location     Type
		None
 Return value:  Size  Location     Type
		None               void
 Registers used:
		wreg, status,2, status,0
 Tracked objects:
		On entry : 
		On exit  : 
		Unchanged: 
 Data sizes:     COMMON   BANK0   BANK1   BANK3   BANK2
      Params:         0       0       0       0       0
      Locals:         0       0       0       0       0
      Temps:          1       0       0       0       0
      Totals:         1       0       0       0       0
Total ram usage:        1 bytes
 Hardware stack levels used:    1
 Hardware stack levels required when called:    1
 This function calls:
		Nothing
 This function is called by:
		_ds18b20_read
 This function uses a non-reentrant model


 *************** function _ds18b20_read_byte *****************
 Defined at:
		line 143 in file "slave3f.c"
 Parameters:    Size  Location     Type
		None
 Auto vars:     Size  Location     Type
  i               1    3[BANK0 ] unsigned char 
  value           1    2[BANK0 ] unsigned char 
 Return value:  Size  Location     Type
                  1    wreg      unsigned char 
 Registers used:
		wreg, status,2, status,0, pclath, cstack
 Tracked objects:
		On entry : 
		On exit  : 
		Unchanged: 
 Data sizes:     COMMON   BANK0   BANK1   BANK3   BANK2
      Params:         0       0       0       0       0
      Locals:         0       2       0       0       0
      Temps:          0       2       0       0       0
      Totals:         0       4       0       0       0
Total ram usage:        4 bytes
 Hardware stack levels used:    1
 Hardware stack levels required when called:    2
 This function calls:
		_ds18b20_read_bit
 This function is called by:
		_ds18b20_read
 This function uses a non-reentrant model


 *************** function _ds18b20_read_bit *****************
 Defined at:
		line 126 in file "slave3f.c"
 Parameters:    Size  Location     Type
		None
 Auto vars:     Size  Location     Type
		None
 Return value:  Size  Location     Type
		None               void
 Registers used:
		wreg, status,2, status,0
 Tracked objects:
		On entry : 
		On exit  : 
		Unchanged: 
 Data sizes:     COMMON   BANK0   BANK1   BANK3   BANK2
      Params:         0       0       0       0       0
      Locals:         0       0       0       0       0
      Temps:          1       0       0       0       0
      Totals:         1       0       0       0       0
Total ram usage:        1 bytes
 Hardware stack levels used:    1
 Hardware stack levels required when called:    1
 This function calls:
		Nothing
 This function is called by:
		_ds18b20_read_byte
 This function uses a non-reentrant model


 *************** function ___wmul *****************
 Defined at:
		line 15 in file "C:\Program Files (x86)\Microchip\xc8\v2.10\pic\sources\c90\common\Umul16.c"
 Parameters:    Size  Location     Type
  multiplier      2    0[BANK0 ] unsigned int 
  multiplicand    2    2[BANK0 ] unsigned int 
 Auto vars:     Size  Location     Type
  product         2    4[COMMON] unsigned int 
 Return value:  Size  Location     Type
                  2    0[BANK0 ] unsigned int 
 Registers used:
		wreg, status,2, status,0
 Tracked objects:
		On entry : 
		On exit  : 
		Unchanged: 
 Data sizes:     COMMON   BANK0   BANK1   BANK3   BANK2
      Params:         0       4       0       0       0
      Locals:         2       0       0       0       0
      Temps:          0       0       0       0       0
      Totals:         2       4       0       0       0
Total ram usage:        6 bytes
 Hardware stack levels used:    1
 Hardware stack levels required when called:    1
 This function calls:
		Nothing
 This function is called by:
		_main
 This function uses a non-reentrant model


 *************** function ___lwmod *****************
 Defined at:
		line 5 in file "C:\Program Files (x86)\Microchip\xc8\v2.10\pic\sources\c90\common\lwmod.c"
 Parameters:    Size  Location     Type
  divisor         2   12[BANK0 ] unsigned int 
  dividend        2   14[BANK0 ] unsigned int 
 Auto vars:     Size  Location     Type
  counter         1   17[BANK0 ] unsigned char 
 Return value:  Size  Location     Type
                  2   12[BANK0 ] unsigned int 
 Registers used:
		wreg, status,2, status,0
 Tracked objects:
		On entry : 
		On exit  : 
		Unchanged: 
 Data sizes:     COMMON   BANK0   BANK1   BANK3   BANK2
      Params:         0       4       0       0       0
      Locals:         0       1       0       0       0
      Temps:          0       1       0       0       0
      Totals:         0       6       0       0       0
Total ram usage:        6 bytes
 Hardware stack levels used:    1
 Hardware stack levels required when called:    1
 This function calls:
		Nothing
 This function is called by:
		_main
 This function uses a non-reentrant model


 *************** function ___lwdiv *****************
 Defined at:
		line 5 in file "C:\Program Files (x86)\Microchip\xc8\v2.10\pic\sources\c90\common\lwdiv.c"
 Parameters:    Size  Location     Type
  divisor         2    4[BANK0 ] unsigned int 
  dividend        2    6[BANK0 ] unsigned int 
 Auto vars:     Size  Location     Type
  quotient        2    9[BANK0 ] unsigned int 
  counter         1   11[BANK0 ] unsigned char 
 Return value:  Size  Location     Type
                  2    4[BANK0 ] unsigned int 
 Registers used:
		wreg, status,2, status,0
 Tracked objects:
		On entry : 
		On exit  : 
		Unchanged: 
 Data sizes:     COMMON   BANK0   BANK1   BANK3   BANK2
      Params:         0       4       0       0       0
      Locals:         0       3       0       0       0
      Temps:          0       1       0       0       0
      Totals:         0       8       0       0       0
Total ram usage:        8 bytes
 Hardware stack levels used:    1
 Hardware stack levels required when called:    1
 This function calls:
		Nothing
 This function is called by:
		_main
 This function uses a non-reentrant model


 *************** function _isr *****************
 Defined at:
		line 51 in file "slave3f.c"
 Parameters:    Size  Location     Type
		None
 Auto vars:     Size  Location     Type
		None
 Return value:  Size  Location     Type
                  1    wreg      void 
 Registers used:
		wreg
 Tracked objects:
		On entry : 
		On exit  : 
		Unchanged: 
 Data sizes:     COMMON   BANK0   BANK1   BANK3   BANK2
      Params:         0       0       0       0       0
      Locals:         0       0       0       0       0
      Temps:          4       0       0       0       0
      Totals:         4       0       0       0       0
Total ram usage:        4 bytes
 Hardware stack levels used:    1
 This function calls:
		Nothing
 This function is called by:
		Interrupt level 1
 This function uses a non-reentrant model



MODULE INFORMATION

Module		Function		Class		Link	Load	Size
C:\Program Files (x86)\Microchip\xc8\v2.10\pic\sources\c90\common\lwdiv.c
		___lwdiv       		CODE           	0239	0000	71

C:\Program Files (x86)\Microchip\xc8\v2.10\pic\sources\c90\common\lwdiv.c estimated size: 71

C:\Program Files (x86)\Microchip\xc8\v2.10\pic\sources\c90\common\Umul16.c
		___wmul        		CODE           	02BB	0000	40

C:\Program Files (x86)\Microchip\xc8\v2.10\pic\sources\c90\common\Umul16.c estimated size: 40

slave3f.c
		_ds18b20_write_byte		CODE           	0350	0000	33
		_main          		CODE           	0032	0000	317
		_isr           		CODE           	016E	0000	109
		_ds18b20_read  		CODE           	01DA	0000	96
		_ds18b20_start 		CODE           	02E2	0000	39
		_ds18b20_read_bit		CODE           	032E	0000	35
		_setup         		CODE           	03D2	0000	15
		_ds18b20_read_byte		CODE           	0308	0000	39
		_ds18b20_write_bit		CODE           	0370	0000	30

slave3f.c estimated size: 713

shared
		__initialization		CODE           	000F	0000	32

shared estimated size: 32

C:\Program Files (x86)\Microchip\xc8\v2.10\pic\sources\c90\common\lwmod.c
		___lwmod       		CODE           	027F	0000	61

C:\Program Files (x86)\Microchip\xc8\v2.10\pic\sources\c90\common\lwmod.c estimated size: 61

I3C.c
		_I2C_Slave_Init		CODE           	038D	0000	27

I3C.c estimated size: 27

